Component: ARM Compiler 5.06 update 6 (build 750) Tool: armlink [4d35ed]

==============================================================================

Section Cross References

    startup_stm32f407xx.o(RESET) refers to startup_stm32f407xx.o(STACK) for __initial_sp
    startup_stm32f407xx.o(RESET) refers to startup_stm32f407xx.o(.text) for Reset_Handler
    startup_stm32f407xx.o(RESET) refers to stm32f4xx_it.o(i.NMI_Handler) for NMI_Handler
    startup_stm32f407xx.o(RESET) refers to stm32f4xx_it.o(i.HardFault_Handler) for HardFault_Handler
    startup_stm32f407xx.o(RESET) refers to stm32f4xx_it.o(i.MemManage_Handler) for MemManage_Handler
    startup_stm32f407xx.o(RESET) refers to stm32f4xx_it.o(i.BusFault_Handler) for BusFault_Handler
    startup_stm32f407xx.o(RESET) refers to stm32f4xx_it.o(i.UsageFault_Handler) for UsageFault_Handler
    startup_stm32f407xx.o(RESET) refers to port.o(.emb_text) for SVC_Handler
    startup_stm32f407xx.o(RESET) refers to stm32f4xx_it.o(i.DebugMon_Handler) for DebugMon_Handler
    startup_stm32f407xx.o(RESET) refers to port.o(i.SysTick_Handler) for SysTick_Handler
    startup_stm32f407xx.o(RESET) refers to stm32f4xx_it.o(i.DMA1_Stream1_IRQHandler) for DMA1_Stream1_IRQHandler
    startup_stm32f407xx.o(RESET) refers to stm32f4xx_it.o(i.DMA1_Stream3_IRQHandler) for DMA1_Stream3_IRQHandler
    startup_stm32f407xx.o(RESET) refers to stm32f4xx_it.o(i.USART1_IRQHandler) for USART1_IRQHandler
    startup_stm32f407xx.o(RESET) refers to stm32f4xx_it.o(i.USART3_IRQHandler) for USART3_IRQHandler
    startup_stm32f407xx.o(RESET) refers to stm32f4xx_it.o(i.TIM6_DAC_IRQHandler) for TIM6_DAC_IRQHandler
    startup_stm32f407xx.o(RESET) refers to stm32f4xx_it.o(i.DMA2_Stream2_IRQHandler) for DMA2_Stream2_IRQHandler
    startup_stm32f407xx.o(RESET) refers to stm32f4xx_it.o(i.ETH_IRQHandler) for ETH_IRQHandler
    startup_stm32f407xx.o(RESET) refers to stm32f4xx_it.o(i.DMA2_Stream7_IRQHandler) for DMA2_Stream7_IRQHandler
    startup_stm32f407xx.o(.text) refers to system_stm32f4xx.o(i.SystemInit) for SystemInit
    startup_stm32f407xx.o(.text) refers to entry.o(.ARM.Collect$$$$00000000) for __main
    main.o(i.HAL_TIM_PeriodElapsedCallback) refers to stm32f4xx_hal.o(i.HAL_IncTick) for HAL_IncTick
    main.o(i.SystemClock_Config) refers to memseta.o(.text) for __aeabi_memclr4
    main.o(i.SystemClock_Config) refers to stm32f4xx_hal_rcc.o(i.HAL_RCC_OscConfig) for HAL_RCC_OscConfig
    main.o(i.SystemClock_Config) refers to stm32f4xx_hal_rcc.o(i.HAL_RCC_ClockConfig) for HAL_RCC_ClockConfig
    main.o(i.app_main) refers to segger_rtt_printf.o(i.RTT_dbg_msg) for RTT_dbg_msg
    main.o(i.app_main) refers to cmsis_os.o(i.osDelay) for osDelay
    main.o(i.app_main) refers to main.o(.data) for .data
    main.o(i.main) refers to stm32f4xx_hal.o(i.HAL_Init) for HAL_Init
    main.o(i.main) refers to main.o(i.SystemClock_Config) for SystemClock_Config
    main.o(i.main) refers to gpio.o(i.MX_GPIO_Init) for MX_GPIO_Init
    main.o(i.main) refers to dma.o(i.MX_DMA_Init) for MX_DMA_Init
    main.o(i.main) refers to crc.o(i.MX_CRC_Init) for MX_CRC_Init
    main.o(i.main) refers to usart.o(i.MX_USART1_UART_Init) for MX_USART1_UART_Init
    main.o(i.main) refers to usart.o(i.MX_USART3_UART_Init) for MX_USART3_UART_Init
    main.o(i.main) refers to freertos.o(i.MX_FREERTOS_Init) for MX_FREERTOS_Init
    main.o(i.main) refers to cmsis_os.o(i.osKernelStart) for osKernelStart
    gpio.o(i.MX_GPIO_Init) refers to memseta.o(.text) for __aeabi_memclr4
    gpio.o(i.MX_GPIO_Init) refers to stm32f4xx_hal_gpio.o(i.HAL_GPIO_WritePin) for HAL_GPIO_WritePin
    gpio.o(i.MX_GPIO_Init) refers to stm32f4xx_hal_gpio.o(i.HAL_GPIO_Init) for HAL_GPIO_Init
    crc.o(i.MX_CRC_Init) refers to stm32f4xx_hal_crc.o(i.HAL_CRC_Init) for HAL_CRC_Init
    crc.o(i.MX_CRC_Init) refers to main.o(i.Error_Handler) for Error_Handler
    crc.o(i.MX_CRC_Init) refers to crc.o(.data) for .data
    dma.o(i.MX_DMA_Init) refers to stm32f4xx_hal_cortex.o(i.HAL_NVIC_SetPriority) for HAL_NVIC_SetPriority
    dma.o(i.MX_DMA_Init) refers to stm32f4xx_hal_cortex.o(i.HAL_NVIC_EnableIRQ) for HAL_NVIC_EnableIRQ
    freertos.o(i.MX_FREERTOS_Init) refers to memcpya.o(.text) for __aeabi_memcpy4
    freertos.o(i.MX_FREERTOS_Init) refers to cmsis_os.o(i.osThreadCreate) for osThreadCreate
    freertos.o(i.MX_FREERTOS_Init) refers to freertos.o(.constdata) for .constdata
    freertos.o(i.MX_FREERTOS_Init) refers to freertos.o(.data) for .data
    freertos.o(i.StartDefaultTask) refers to lwip.o(i.MX_LWIP_Init) for MX_LWIP_Init
    freertos.o(i.StartDefaultTask) refers to cmsis_os.o(i.osDelay) for osDelay
    freertos.o(.constdata) refers to freertos.o(.conststring) for .conststring
    freertos.o(.constdata) refers to freertos.o(i.StartDefaultTask) for StartDefaultTask
    iwdg.o(i.MX_IWDG_Init) refers to stm32f4xx_hal_iwdg.o(i.HAL_IWDG_Init) for HAL_IWDG_Init
    iwdg.o(i.MX_IWDG_Init) refers to main.o(i.Error_Handler) for Error_Handler
[...]
    HAL_TIM_Base_MspInit                     0x080019df   Thumb Code     2  stm32f4xx_hal_tim.o(i.HAL_TIM_Base_MspInit)
    HAL_TIM_Base_Start_IT                    0x080019e1   Thumb Code    34  stm32f4xx_hal_tim.o(i.HAL_TIM_Base_Start_IT)
    HAL_TIM_IC_CaptureCallback               0x08001a03   Thumb Code     2  stm32f4xx_hal_tim.o(i.HAL_TIM_IC_CaptureCallback)
    HAL_TIM_IRQHandler                       0x08001a05   Thumb Code   358  stm32f4xx_hal_tim.o(i.HAL_TIM_IRQHandler)
    HAL_TIM_OC_DelayElapsedCallback          0x08001b6b   Thumb Code     2  stm32f4xx_hal_tim.o(i.HAL_TIM_OC_DelayElapsedCallback)
    HAL_TIM_PWM_PulseFinishedCallback        0x08001b6d   Thumb Code     2  stm32f4xx_hal_tim.o(i.HAL_TIM_PWM_PulseFinishedCallback)
    HAL_TIM_PeriodElapsedCallback            0x08001b71   Thumb Code    14  main.o(i.HAL_TIM_PeriodElapsedCallback)
    HAL_TIM_TriggerCallback                  0x08001b85   Thumb Code     2  stm32f4xx_hal_tim.o(i.HAL_TIM_TriggerCallback)
    HAL_UART_ErrorCallback                   0x08001b87   Thumb Code     2  stm32f4xx_hal_uart.o(i.HAL_UART_ErrorCallback)
    HAL_UART_IRQHandler                      0x08001b89   Thumb Code   270  stm32f4xx_hal_uart.o(i.HAL_UART_IRQHandler)
    HAL_UART_Init                            0x08001c9d   Thumb Code    98  stm32f4xx_hal_uart.o(i.HAL_UART_Init)
    HAL_UART_MspInit                         0x08001d01   Thumb Code   404  usart.o(i.HAL_UART_MspInit)
    HAL_UART_RxCpltCallback                  0x08001eb9   Thumb Code     2  stm32f4xx_hal_uart.o(i.HAL_UART_RxCpltCallback)
    HAL_UART_TxCpltCallback                  0x08001ebb   Thumb Code     2  stm32f4xx_hal_uart.o(i.HAL_UART_TxCpltCallback)
    HardFault_Handler                        0x08001ebd   Thumb Code     2  stm32f4xx_it.o(i.HardFault_Handler)
    MX_CRC_Init                              0x08001ec1   Thumb Code    28  crc.o(i.MX_CRC_Init)
    MX_DMA_Init                              0x08001ee5   Thumb Code   104  dma.o(i.MX_DMA_Init)
    MX_FREERTOS_Init                         0x08001f51   Thumb Code    30  freertos.o(i.MX_FREERTOS_Init)
    MX_GPIO_Init                             0x08001f79   Thumb Code   284  gpio.o(i.MX_GPIO_Init)
    MX_LWIP_Init                             0x080020a9   Thumb Code   134  lwip.o(i.MX_LWIP_Init)
    MX_USART1_UART_Init                      0x08002191   Thumb Code    48  usart.o(i.MX_USART1_UART_Init)
    MX_USART3_UART_Init                      0x080021c9   Thumb Code    48  usart.o(i.MX_USART3_UART_Init)
    MemManage_Handler                        0x08002201   Thumb Code     2  stm32f4xx_it.o(i.MemManage_Handler)
    NMI_Handler                              0x08002203   Thumb Code     2  stm32f4xx_it.o(i.NMI_Handler)
    RTT_dbg_msg                              0x08002205   Thumb Code    32  segger_rtt_printf.o(i.RTT_dbg_msg)
    SEGGER_RTT_Write                         0x08002231   Thumb Code   142  segger_rtt.o(i.SEGGER_RTT_Write)
    SEGGER_RTT_vprintf                       0x080022c5   Thumb Code   376  segger_rtt_printf.o(i.SEGGER_RTT_vprintf)
    StartDefaultTask                         0x0800243d   Thumb Code    12  freertos.o(i.StartDefaultTask)
    SysTick_Handler                          0x08002449   Thumb Code    38  port.o(i.SysTick_Handler)
    SystemClock_Config                       0x08002475   Thumb Code   132  main.o(i.SystemClock_Config)
    SystemInit                               0x08002501   Thumb Code    22  system_stm32f4xx.o(i.SystemInit)
    TIM6_DAC_IRQHandler                      0x0800251d   Thumb Code     6  stm32f4xx_it.o(i.TIM6_DAC_IRQHandler)
    TIM_Base_SetConfig                       0x08002529   Thumb Code   156  stm32f4xx_hal_tim.o(i.TIM_Base_SetConfig)
    USART1_IRQHandler                        0x08002841   Thumb Code     6  stm32f4xx_it.o(i.USART1_IRQHandler)
    USART3_IRQHandler                        0x0800284d   Thumb Code     6  stm32f4xx_it.o(i.USART3_IRQHandler)
    UsageFault_Handler                       0x08002859   Thumb Code     2  stm32f4xx_it.o(i.UsageFault_Handler)
    __0printf$3                              0x08002a35   Thumb Code    22  printf3.o(i.__0printf$3)
    __1printf$3                              0x08002a35   Thumb Code     0  printf3.o(i.__0printf$3)
    __2printf                                0x08002a35   Thumb Code     0  printf3.o(i.__0printf$3)
    __scatterload_copy                       0x08002a75   Thumb Code    14  handlers.o(i.__scatterload_copy)
    __scatterload_null                       0x08002a83   Thumb Code     2  handlers.o(i.__scatterload_null)
    __scatterload_zeroinit                   0x08002a85   Thumb Code    14  handlers.o(i.__scatterload_zeroinit)
    dhcp_arp_reply                           0x08002c81   Thumb Code    42  dhcp.o(i.dhcp_arp_reply)
    dhcp_coarse_tmr                          0x08002edd   Thumb Code   168  dhcp.o(i.dhcp_coarse_tmr)
    dhcp_fine_tmr                            0x0800357d   Thumb Code    46  dhcp.o(i.dhcp_fine_tmr)
    dhcp_release                             0x08004291   Thumb Code   160  dhcp.o(i.dhcp_release)
    dhcp_renew                               0x08004339   Thumb Code   178  dhcp.o(i.dhcp_renew)
    dhcp_start                               0x080044f9   Thumb Code   164  dhcp.o(i.dhcp_start)
    dhcp_stop                                0x0800465d   Thumb Code    72  dhcp.o(i.dhcp_stop)
    dhcp_supplied_address                    0x08004735   Thumb Code    28  dhcp.o(i.dhcp_supplied_address)
    dns_init                                 0x080049c5   Thumb Code     2  dns.o(i.dns_init)
    dns_setserver                            0x08004b5d   Thumb Code    22  dns.o(i.dns_setserver)
    dns_tmr                                  0x08004b7d   Thumb Code    20  dns.o(i.dns_tmr)
    etharp_cleanup_netif                     0x08004cf1   Thumb Code    42  etharp.o(i.etharp_cleanup_netif)
    etharp_input                             0x08004f8d   Thumb Code   170  etharp.o(i.etharp_input)
    etharp_output                            0x080050a9   Thumb Code   272  etharp.o(i.etharp_output)
    etharp_query                             0x08005361   Thumb Code   306  etharp.o(i.etharp_query)
    etharp_request                           0x080056b1   Thumb Code     6  etharp.o(i.etharp_request)
    etharp_tmr                               0x080056dd   Thumb Code    90  etharp.o(i.etharp_tmr)
    ethernet_input                           0x08005859   Thumb Code   154  ethernet.o(i.ethernet_input)
    ethernet_output                          0x080058f9   Thumb Code    98  ethernet.o(i.ethernet_output)
    ethernetif_init                          0x080059f1   Thumb Code    50  ethernetif.o(i.ethernetif_init)
    ethernetif_input                         0x08005a79   Thumb Code    48  ethernetif.o(i.ethernetif_input)
    fputc                                    0x08005aad   Thumb Code    18  fputc.o(i.fputc)
    icmp_dest_unreach                        0x08005abf   Thumb Code     8  icmp.o(i.icmp_dest_unreach)
    icmp_input                               0x08005ac9   Thumb Code   274  icmp.o(i.icmp_input)
    icmp_time_exceeded                       0x08005db9   Thumb Code     8  icmp.o(i.icmp_time_exceeded)
    ip4_addr_isbroadcast_u32                 0x08005dcd   Thumb Code    46  ip4_addr.o(i.ip4_addr_isbroadcast_u32)
    ip4_frag                                 0x08005dfd   Thumb Code   396  ip4_frag.o(i.ip4_frag)
    ip4_input                                0x08006055   Thumb Code   440  ip4.o(i.ip4_input)
    ip4_output_if                            0x08006215   Thumb Code    30  ip4.o(i.ip4_output_if)
    ip4_output_if_src                        0x08006235   Thumb Code   204  ip4.o(i.ip4_output_if_src)
    ip4_reass                                0x080063a1   Thumb Code   450  ip4_frag.o(i.ip4_reass)
    ip4_route                                0x08006569   Thumb Code    82  ip4.o(i.ip4_route)
    ip_reass_tmr                             0x08006b81   Thumb Code    40  ip4_frag.o(i.ip_reass_tmr)
    lwip_htonl                               0x08006ec5   Thumb Code     4  def.o(i.lwip_htonl)
    lwip_htons                               0x08006ec9   Thumb Code     4  def.o(i.lwip_htons)
    lwip_init                                0x08006ecd   Thumb Code    38  init.o(i.lwip_init)
    main                                     0x08006ef3   Thumb Code    38  main.o(i.main)
    mem_free                                 0x08006f25   Thumb Code   138  mem.o(i.mem_free)
    mem_init                                 0x0800705d   Thumb Code    72  mem.o(i.mem_init)
    mem_malloc                               0x08007121   Thumb Code   274  mem.o(i.mem_malloc)
    mem_trim                                 0x08007331   Thumb Code   268  mem.o(i.mem_trim)
    memp_free                                0x080074d1   Thumb Code    34  memp.o(i.memp_free)
    memp_init                                0x0800756d   Thumb Code    24  memp.o(i.memp_init)
    memp_init_pool                           0x08007589   Thumb Code    42  memp.o(i.memp_init_pool)
    memp_malloc                              0x080075b5   Thumb Code    38  memp.o(i.memp_malloc)
    netif_add                                0x08007659   Thumb Code   104  netif.o(i.netif_add)
    netif_init                               0x08007739   Thumb Code     2  netif.o(i.netif_init)
    netif_set_addr                           0x08007755   Thumb Code    72  netif.o(i.netif_set_addr)
    netif_set_default                        0x0800779d   Thumb Code     6  netif.o(i.netif_set_default)
    netif_set_down                           0x080077a9   Thumb Code    26  netif.o(i.netif_set_down)
    netif_set_gw                             0x080077c3   Thumb Code     8  netif.o(i.netif_set_gw)
    netif_set_ipaddr                         0x080077cd   Thumb Code    60  netif.o(i.netif_set_ipaddr)
    netif_set_netmask                        0x0800780d   Thumb Code     8  netif.o(i.netif_set_netmask)
    netif_set_up                             0x08007815   Thumb Code    28  netif.o(i.netif_set_up)
    osDelay                                  0x08007831   Thumb Code    14  cmsis_os.o(i.osDelay)
    osKernelStart                            0x0800783f   Thumb Code    10  cmsis_os.o(i.osKernelStart)
    osKernelSysTick                          0x08007849   Thumb Code    24  cmsis_os.o(i.osKernelSysTick)
    osMessageCreate                          0x08007861   Thumb Code     8  cmsis_os.o(i.osMessageCreate)
    osMessageGet                             0x08007869   Thumb Code   144  cmsis_os.o(i.osMessageGet)
    osMessagePut                             0x080078fd   Thumb Code    88  cmsis_os.o(i.osMessagePut)
    osMutexCreate                            0x08007959   Thumb Code     6  cmsis_os.o(i.osMutexCreate)
    osMutexRelease                           0x08007961   Thumb Code    74  cmsis_os.o(i.osMutexRelease)
    osMutexWait                              0x080079b1   Thumb Code    96  cmsis_os.o(i.osMutexWait)
    osSemaphoreCreate                        0x08007a15   Thumb Code    38  cmsis_os.o(i.osSemaphoreCreate)
    osSemaphoreRelease                       0x08007a3d   Thumb Code    74  cmsis_os.o(i.osSemaphoreRelease)
    osSemaphoreWait                          0x08007a8d   Thumb Code    96  cmsis_os.o(i.osSemaphoreWait)
    osThreadCreate                           0x08007af1   Thumb Code    46  cmsis_os.o(i.osThreadCreate)
    pbuf_alloc                               0x08007b21   Thumb Code   476  pbuf.o(i.pbuf_alloc)
    pbuf_alloced_custom                      0x08007e95   Thumb Code    98  pbuf.o(i.pbuf_alloced_custom)
    pbuf_cat                                 0x08007f75   Thumb Code    96  pbuf.o(i.pbuf_cat)
    pbuf_chain                               0x080080a5   Thumb Code    18  pbuf.o(i.pbuf_chain)
    pbuf_clen                                0x080080b7   Thumb Code    18  pbuf.o(i.pbuf_clen)
    pbuf_copy                                0x080080c9   Thumb Code   242  pbuf.o(i.pbuf_copy)
    pbuf_copy_partial                        0x080082b5   Thumb Code   126  pbuf.o(i.pbuf_copy_partial)
    pbuf_free                                0x080083d1   Thumb Code   188  pbuf.o(i.pbuf_free)
    pbuf_header                              0x08008579   Thumb Code     6  pbuf.o(i.pbuf_header)
    pbuf_header_force                        0x0800857f   Thumb Code     6  pbuf.o(i.pbuf_header_force)
    pbuf_put_at                              0x080086e9   Thumb Code    30  pbuf.o(i.pbuf_put_at)
    pbuf_realloc                             0x08008709   Thumb Code   196  pbuf.o(i.pbuf_realloc)
    pbuf_ref                                 0x080088a1   Thumb Code    46  pbuf.o(i.pbuf_ref)
    pbuf_skip                                0x0800893d   Thumb Code     4  pbuf.o(i.pbuf_skip)
    pbuf_take                                0x08008959   Thumb Code   160  pbuf.o(i.pbuf_take)
    pbuf_take_at                             0x08008ad5   Thumb Code    84  pbuf.o(i.pbuf_take_at)
    pvPortMalloc                             0x080090e1   Thumb Code   210  heap_4.o(i.pvPortMalloc)
    pvTaskIncrementMutexHeldCount            0x080091b9   Thumb Code    18  tasks.o(i.pvTaskIncrementMutexHeldCount)
    pxPortInitialiseStack                    0x080091d1   Thumb Code    40  port.o(i.pxPortInitialiseStack)
    sys_arch_mbox_fetch                      0x080091fd   Thumb Code    70  sys_arch.o(i.sys_arch_mbox_fetch)
    sys_arch_protect                         0x08009245   Thumb Code    18  sys_arch.o(i.sys_arch_protect)
    sys_arch_unprotect                       0x0800925d   Thumb Code     8  sys_arch.o(i.sys_arch_unprotect)
    sys_init                                 0x080092c1   Thumb Code    14  sys_arch.o(i.sys_init)
    sys_mbox_new                             0x080092d9   Thumb Code    34  sys_arch.o(i.sys_mbox_new)
    sys_mbox_post                            0x08009301   Thumb Code    26  sys_arch.o(i.sys_mbox_post)
    sys_mbox_trypost                         0x0800931b   Thumb Code    20  sys_arch.o(i.sys_mbox_trypost)
    sys_mbox_valid                           0x0800932f   Thumb Code    10  sys_arch.o(i.sys_mbox_valid)
    sys_mutex_lock                           0x08009339   Thumb Code    10  sys_arch.o(i.sys_mutex_lock)
    sys_mutex_new                            0x08009343   Thumb Code    28  sys_arch.o(i.sys_mutex_new)
    sys_mutex_unlock                         0x0800935f   Thumb Code     6  sys_arch.o(i.sys_mutex_unlock)
    sys_now                                  0x08009365   Thumb Code     4  ethernetif.o(i.sys_now)
    sys_thread_new                           0x08009369   Thumb Code    48  sys_arch.o(i.sys_thread_new)
    sys_timeout                              0x08009399   Thumb Code   156  timeouts.o(i.sys_timeout)
    sys_timeouts_init                        0x080094d5   Thumb Code    36  timeouts.o(i.sys_timeouts_init)
    sys_timeouts_mbox_fetch                  0x08009505   Thumb Code    76  timeouts.o(i.sys_timeouts_mbox_fetch)
    tcp_abandon                              0x08009555   Thumb Code   226  tcp.o(i.tcp_abandon)
    tcp_abort                                0x080096c9   Thumb Code     6  tcp.o(i.tcp_abort)
    tcp_alloc                                0x080096d1   Thumb Code   240  tcp.o(i.tcp_alloc)
    tcp_close                                0x080097cd   Thumb Code    20  tcp.o(i.tcp_close)
    tcp_eff_send_mss_impl                    0x08009b4d   Thumb Code    34  tcp.o(i.tcp_eff_send_mss_impl)
    tcp_enqueue_flags                        0x08009b71   Thumb Code   260  tcp_out.o(i.tcp_enqueue_flags)
    tcp_fasttmr                              0x08009d7d   Thumb Code   102  tcp.o(i.tcp_fasttmr)
    tcp_init                                 0x08009e19   Thumb Code     2  tcp.o(i.tcp_init)
    tcp_input                                0x08009e1d   Thumb Code  1480  tcp_in.o(i.tcp_input)
    tcp_keepalive                            0x0800a425   Thumb Code    82  tcp_out.o(i.tcp_keepalive)
    tcp_netif_ip_addr_changed                0x0800a6f5   Thumb Code    72  tcp.o(i.tcp_netif_ip_addr_changed)
    tcp_next_iss                             0x0800a765   Thumb Code    12  tcp.o(i.tcp_next_iss)
    tcp_output                               0x0800a7ed   Thumb Code   552  tcp_out.o(i.tcp_output)
    tcp_pcb_purge                            0x0800acdd   Thumb Code    66  tcp.o(i.tcp_pcb_purge)
    tcp_pcb_remove                           0x0800ad21   Thumb Code   140  tcp.o(i.tcp_pcb_remove)
    tcp_process_refused_data                 0x0800b2e5   Thumb Code   108  tcp.o(i.tcp_process_refused_data)
    tcp_recv_null                            0x0800bd69   Thumb Code    36  tcp.o(i.tcp_recv_null)
    tcp_recved                               0x0800bd8d   Thumb Code   106  tcp.o(i.tcp_recved)
    tcp_rexmit                               0x0800be9d   Thumb Code    86  tcp_out.o(i.tcp_rexmit)
    tcp_rexmit_fast                          0x0800bef3   Thumb Code    88  tcp_out.o(i.tcp_rexmit_fast)
    tcp_rexmit_rto                           0x0800bf4b   Thumb Code    50  tcp_out.o(i.tcp_rexmit_rto)
    tcp_rst                                  0x0800bf7d   Thumb Code   148  tcp_out.o(i.tcp_rst)
    tcp_seg_copy                             0x0800c09d   Thumb Code    36  tcp.o(i.tcp_seg_copy)
    tcp_seg_free                             0x0800c0c1   Thumb Code    28  tcp.o(i.tcp_seg_free)
    tcp_segs_free                            0x0800c0dd   Thumb Code    18  tcp.o(i.tcp_segs_free)
    tcp_send_empty_ack                       0x0800c0ef   Thumb Code   106  tcp_out.o(i.tcp_send_empty_ack)
    tcp_send_fin                             0x0800c159   Thumb Code    70  tcp_out.o(i.tcp_send_fin)
    tcp_slowtmr                              0x0800c1a1   Thumb Code   788  tcp.o(i.tcp_slowtmr)
    tcp_timer_needed                         0x0800c67d   Thumb Code    36  timeouts.o(i.tcp_timer_needed)
    tcp_tmr                                  0x0800c719   Thumb Code    28  tcp.o(i.tcp_tmr)
    tcp_trigger_input_pcb_close              0x0800c739   Thumb Code    12  tcp_in.o(i.tcp_trigger_input_pcb_close)
    tcp_update_rcv_ann_wnd                   0x0800c749   Thumb Code    76  tcp.o(i.tcp_update_rcv_ann_wnd)
    tcp_zero_window_probe                    0x0800c809   Thumb Code   188  tcp_out.o(i.tcp_zero_window_probe)
    tcpip_callback_with_block                0x0800c8c5   Thumb Code    94  tcpip.o(i.tcpip_callback_with_block)
    tcpip_init                               0x0800c991   Thumb Code    88  tcpip.o(i.tcpip_init)
    tcpip_inpkt                              0x0800caa1   Thumb Code    82  tcpip.o(i.tcpip_inpkt)
    tcpip_input                              0x0800cb61   Thumb Code    20  tcpip.o(i.tcpip_input)
    udp_bind                                 0x0800ccad   Thumb Code   168  udp.o(i.udp_bind)
    udp_connect                              0x0800cd5d   Thumb Code    76  udp.o(i.udp_connect)
    udp_init                                 0x0800cdad   Thumb Code     2  udp.o(i.udp_init)
    udp_input                                0x0800cdb1   Thumb Code   286  udp.o(i.udp_input)
    udp_netif_ip_addr_changed                0x0800cf45   Thumb Code    48  udp.o(i.udp_netif_ip_addr_changed)
    udp_new                                  0x0800cf79   Thumb Code    26  udp.o(i.udp_new)
    udp_recv                                 0x0800cf93   Thumb Code     6  udp.o(i.udp_recv)
    udp_remove                               0x0800cf99   Thumb Code    42  udp.o(i.udp_remove)
    udp_sendto                               0x0800cfc9   Thumb Code    50  udp.o(i.udp_sendto)
    udp_sendto_if                            0x0800cffb   Thumb Code    54  udp.o(i.udp_sendto_if)
    udp_sendto_if_src                        0x0800d031   Thumb Code   186  udp.o(i.udp_sendto_if_src)
    uxListRemove                             0x0800d175   Thumb Code    38  list.o(i.uxListRemove)
    vListInitialise                          0x0800d19b   Thumb Code    22  list.o(i.vListInitialise)
    vListInitialiseItem                      0x0800d1b1   Thumb Code     6  list.o(i.vListInitialiseItem)
    vListInsert                              0x0800d1b7   Thumb Code    48  list.o(i.vListInsert)
    vListInsertEnd                           0x0800d1e7   Thumb Code    24  list.o(i.vListInsertEnd)
    vPortEnterCritical                       0x0800d201   Thumb Code    54  port.o(i.vPortEnterCritical)
    vPortExitCritical                        0x0800d241   Thumb Code    34  port.o(i.vPortExitCritical)
    vPortFree                                0x0800d269   Thumb Code    88  heap_4.o(i.vPortFree)
    vPortSetupTimerInterrupt                 0x0800d2c5   Thumb Code    32  port.o(i.vPortSetupTimerInterrupt)
    vPortValidateInterruptPriority           0x0800d2e9   Thumb Code    74  port.o(i.vPortValidateInterruptPriority)
    vTaskDelay                               0x0800d33d   Thumb Code    66  tasks.o(i.vTaskDelay)
    vTaskInternalSetTimeOutState             0x0800d389   Thumb Code    12  tasks.o(i.vTaskInternalSetTimeOutState)
    vTaskMissedYield                         0x0800d399   Thumb Code     8  tasks.o(i.vTaskMissedYield)
    vTaskPlaceOnEventList                    0x0800d3a5   Thumb Code    44  tasks.o(i.vTaskPlaceOnEventList)
    vTaskPriorityDisinheritAfterTimeout      0x0800d3d5   Thumb Code   162  tasks.o(i.vTaskPriorityDisinheritAfterTimeout)
    vTaskStartScheduler                      0x0800d481   Thumb Code    86  tasks.o(i.vTaskStartScheduler)
    vTaskSuspendAll                          0x0800d4e9   Thumb Code    10  tasks.o(i.vTaskSuspendAll)
    vTaskSwitchContext                       0x0800d4f9   Thumb Code    82  tasks.o(i.vTaskSwitchContext)
    xPortStartScheduler                      0x0800d555   Thumb Code   224  port.o(i.xPortStartScheduler)
    xQueueCreateMutex                        0x0800d649   Thumb Code    36  queue.o(i.xQueueCreateMutex)
    xQueueGenericCreate                      0x0800d66d   Thumb Code    72  queue.o(i.xQueueGenericCreate)
    xQueueGenericReset                       0x0800d6b5   Thumb Code   132  queue.o(i.xQueueGenericReset)
    xQueueGenericSend                        0x0800d73d   Thumb Code   350  queue.o(i.xQueueGenericSend)
    xQueueGenericSendFromISR                 0x0800d8a1   Thumb Code   188  queue.o(i.xQueueGenericSendFromISR)
    xQueueGiveFromISR                        0x0800d95d   Thumb Code   156  queue.o(i.xQueueGiveFromISR)
    xQueueReceive                            0x0800d9f9   Thumb Code   308  queue.o(i.xQueueReceive)
    xQueueReceiveFromISR                     0x0800db31   Thumb Code   154  queue.o(i.xQueueReceiveFromISR)
    xQueueSemaphoreTake                      0x0800dbcd   Thumb Code   372  queue.o(i.xQueueSemaphoreTake)
    xTaskCheckForTimeOut                     0x0800dd45   Thumb Code   112  tasks.o(i.xTaskCheckForTimeOut)
    xTaskCreate                              0x0800ddb9   Thumb Code    86  tasks.o(i.xTaskCreate)
    xTaskGetSchedulerState                   0x0800de11   Thumb Code    22  tasks.o(i.xTaskGetSchedulerState)
    xTaskGetTickCount                        0x0800de2d   Thumb Code     6  tasks.o(i.xTaskGetTickCount)
    xTaskGetTickCountFromISR                 0x0800de39   Thumb Code    12  tasks.o(i.xTaskGetTickCountFromISR)
    xTaskIncrementTick                       0x0800de49   Thumb Code   192  tasks.o(i.xTaskIncrementTick)
    xTaskPriorityDisinherit                  0x0800df11   Thumb Code   144  tasks.o(i.xTaskPriorityDisinherit)
    xTaskPriorityInherit                     0x0800dfa9   Thumb Code   140  tasks.o(i.xTaskPriorityInherit)
    xTaskRemoveFromEventList                 0x0800e03d   Thumb Code   108  tasks.o(i.xTaskRemoveFromEventList)
    xTaskResumeAll                           0x0800e0b1   Thumb Code   182  tasks.o(i.xTaskResumeAll)
    AHBPrescTable                            0x0800e1a4   Data          16  system_stm32f4xx.o(.constdata)
    APBPrescTable                            0x0800e1b4   Data           8  system_stm32f4xx.o(.constdata)
    ethbroadcast                             0x0800e1bc   Data           6  ethernet.o(.constdata)
    ethzero                                  0x0800e1c2   Data           6  ethernet.o(.constdata)
    memp_UDP_PCB                             0x0800e1c8   Data          12  memp.o(.constdata)
    memp_TCP_PCB                             0x0800e1d4   Data          12  memp.o(.constdata)
    memp_TCP_PCB_LISTEN                      0x0800e1e0   Data          12  memp.o(.constdata)
    memp_TCP_SEG                             0x0800e1ec   Data          12  memp.o(.constdata)
    memp_REASSDATA                           0x0800e1f8   Data          12  memp.o(.constdata)
    memp_FRAG_PBUF                           0x0800e204   Data          12  memp.o(.constdata)
    memp_NETBUF                              0x0800e210   Data          12  memp.o(.constdata)
    memp_NETCONN                             0x0800e21c   Data          12  memp.o(.constdata)
    memp_TCPIP_MSG_API                       0x0800e228   Data          12  memp.o(.constdata)
    memp_TCPIP_MSG_INPKT                     0x0800e234   Data          12  memp.o(.constdata)
    memp_SYS_TIMEOUT                         0x0800e240   Data          12  memp.o(.constdata)
    memp_NETDB                               0x0800e24c   Data          12  memp.o(.constdata)
    memp_PBUF                                0x0800e258   Data          12  memp.o(.constdata)
    memp_PBUF_POOL                           0x0800e264   Data          12  memp.o(.constdata)
    memp_pools                               0x0800e270   Data          56  memp.o(.constdata)
    tcp_pcb_lists                            0x0800e2ec   Data          16  tcp.o(.constdata)
    lwip_cyclic_timers                       0x0800e2fc   Data          48  timeouts.o(.constdata)
    ip_addr_any                              0x0800e32c   Data           4  ip4_addr.o(.constdata)
    ip_addr_broadcast                        0x0800e330   Data           4  ip4_addr.o(.constdata)
    os_mutex_def_lwip_sys_mutex              0x0800e334   Data           4  sys_arch.o(.constdata)
    Region$$Table$$Base                      0x0800e514   Number         0  anon$$obj.o(Region$$Table)
    Region$$Table$$Limit                     0x0800e534   Number         0  anon$$obj.o(Region$$Table)
    hcrc                                     0x20000000   Data           8  crc.o(.data)
    defaultTaskHandle                        0x20000008   Data           4  freertos.o(.data)
    ipaddr                                   0x2000000c   Data           4  lwip.o(.data)
    netmask                                  0x20000010   Data           4  lwip.o(.data)
    gw                                       0x20000014   Data           4  lwip.o(.data)
    s_xSemaphore                             0x20000018   Data           4  ethernetif.o(.data)
    uwTickFreq                               0x2000001c   Data           1  stm32f4xx_hal.o(.data)
    uwTickPrio                               0x20000020   Data           4  stm32f4xx_hal.o(.data)
    uwTick                                   0x20000024   Data           4  stm32f4xx_hal.o(.data)
    SystemCoreClock                          0x20000028   Data           4  system_stm32f4xx.o(.data)
    pxCurrentTCB                             0x2000002c   Data           4  tasks.o(.data)
    lock_tcpip_core                          0x20000098   Data           4  tcpip.o(.data)
    netif_list                               0x200000f4   Data           4  netif.o(.data)
    netif_default                            0x200000f8   Data           4  netif.o(.data)
    pbuf_free_ooseq_pending                  0x200000fc   Data           1  pbuf.o(.data)
    tcp_active_pcbs_changed                  0x20000100   Data           1  tcp.o(.data)
    tcp_ticks                                0x2000010c   Data           4  tcp.o(.data)
    tcp_bound_pcbs                           0x20000110   Data           4  tcp.o(.data)
    tcp_listen_pcbs                          0x20000114   Data           4  tcp.o(.data)
    tcp_active_pcbs                          0x20000118   Data           4  tcp.o(.data)
    tcp_tw_pcbs                              0x2000011c   Data           4  tcp.o(.data)
    tcp_input_pcb                            0x20000140   Data           4  tcp_in.o(.data)
    udp_pcbs                                 0x20000154   Data           4  udp.o(.data)
    lwip_sys_mutex                           0x20000174   Data           4  sys_arch.o(.data)
    __stdout                                 0x200001e4   Data           4  stdout.o(.data)
    gnetif                                   0x200001e8   Data          52  lwip.o(.bss)
    DMARxDscrTab                             0x2000021c   Data         128  ethernetif.o(.bss)
    DMATxDscrTab                             0x2000029c   Data         128  ethernetif.o(.bss)
    Rx_Buff                                  0x2000031c   Data        6096  ethernetif.o(.bss)
    Tx_Buff                                  0x20001aec   Data        6096  ethernetif.o(.bss)
    heth                                     0x200032bc   Data          72  ethernetif.o(.bss)
    huart1                                   0x20003304   Data          64  usart.o(.bss)
    huart3                                   0x20003344   Data          64  usart.o(.bss)
    hdma_usart1_rx                           0x20003384   Data          96  usart.o(.bss)
    hdma_usart1_tx                           0x200033e4   Data          96  usart.o(.bss)
    hdma_usart3_rx                           0x20003444   Data          96  usart.o(.bss)
    hdma_usart3_tx                           0x200034a4   Data          96  usart.o(.bss)
    htim6                                    0x20003504   Data          64  stm32f4xx_hal_timebase_tim.o(.bss)
    ip_data                                  0x200076b4   Data          24  ip.o(.bss)
    ram_heap                                 0x200076cc   Data        1619  mem.o(.bss)
    memp_memory_UDP_PCB_base                 0x20007d1f   Data         131  memp.o(.bss)
    memp_memory_TCP_PCB_base                 0x20007da2   Data         763  memp.o(.bss)
    memp_memory_TCP_PCB_LISTEN_base          0x2000809d   Data         227  memp.o(.bss)
    memp_memory_TCP_SEG_base                 0x20008180   Data         259  memp.o(.bss)
    memp_memory_REASSDATA_base               0x20008283   Data         163  memp.o(.bss)
    memp_memory_FRAG_PBUF_base               0x20008326   Data         363  memp.o(.bss)
    memp_memory_NETBUF_base                  0x20008491   Data          35  memp.o(.bss)
    memp_memory_NETCONN_base                 0x200084b4   Data         179  memp.o(.bss)
    memp_memory_TCPIP_MSG_API_base           0x20008567   Data         131  memp.o(.bss)
    memp_memory_TCPIP_MSG_INPKT_base         0x200085ea   Data         131  memp.o(.bss)
    memp_memory_SYS_TIMEOUT_base             0x2000866d   Data          99  memp.o(.bss)
    memp_memory_NETDB_base                   0x200086d0   Data         311  memp.o(.bss)
    memp_memory_PBUF_base                    0x20008807   Data         259  memp.o(.bss)
    memp_memory_PBUF_POOL_base               0x2000890a   Data        9731  memp.o(.bss)
    dhcp_rx_options_val                      0x2000af20   Data          40  dhcp.o(.bss)
    dhcp_rx_options_given                    0x2000af48   Data          10  dhcp.o(.bss)
    __initial_sp                             0x2000b848   Data           0  startup_stm32f407xx.o(STACK)



==============================================================================

Memory Map of the image

  Image Entry point : 0x08000189

  Load Region LR_IROM1 (Base: 0x08000000, Size: 0x0000e71c, Max: 0x00080000, ABSOLUTE, COMPRESSED[0x0000e57c])

    Execution Region ER_IROM1 (Exec base: 0x08000000, Load base: 0x08000000, Size: 0x0000e534, Max: 0x00080000, ABSOLUTE)

    Exec Addr    Load Addr    Size         Type   Attr      Idx    E Section Name        Object

    0x08000000   0x08000000   0x00000188   Data   RO            3    RESET               startup_stm32f407xx.o
    0x08000188   0x08000188   0x00000000   Code   RO         9243  * .ARM.Collect$$$$00000000  mc_w.l(entry.o)
    0x08000188   0x08000188   0x00000004   Code   RO         9530    .ARM.Collect$$$$00000001  mc_w.l(entry2.o)
    0x0800018c   0x0800018c   0x00000004   Code   RO         9533    .ARM.Collect$$$$00000004  mc_w.l(entry5.o)
    0x08000190   0x08000190   0x00000000   Code   RO         9535    .ARM.Collect$$$$00000008  mc_w.l(entry7b.o)
    0x08000190   0x08000190   0x00000000   Code   RO         9537    .ARM.Collect$$$$0000000A  mc_w.l(entry8b.o)
    0x08000190   0x08000190   0x00000008   Code   RO         9538    .ARM.Collect$$$$0000000B  mc_w.l(entry9a.o)
    0x08000198   0x08000198   0x00000000   Code   RO         9540    .ARM.Collect$$$$0000000D  mc_w.l(entry10a.o)
    0x08000198   0x08000198   0x00000000   Code   RO         9542    .ARM.Collect$$$$0000000F  mc_w.l(entry11a.o)
    0x08000198   0x08000198   0x00000004   Code   RO         9531    .ARM.Collect$$$$00002712  mc_w.l(entry2.o)
    0x0800019c   0x0800019c   0x000000be   Code   RO         4780    .emb_text           port.o
    0x0800025a   0x0800025a   0x00000002   PAD
    0x0800025c   0x0800025c   0x00000024   Code   RO            4    .text               startup_stm32f407xx.o
    0x08000280   0x08000280   0x00000062   Code   RO         9246    .text               mc_w.l(uldiv.o)
    0x080002e2   0x080002e2   0x00000002   PAD
    0x080002e4   0x080002e4   0x00000024   Code   RO         9248    .text               mc_w.l(rand.o)
    0x08000308   0x08000308   0x00000024   Code   RO         9251    .text               mc_w.l(memcpya.o)
    0x0800032c   0x0800032c   0x00000024   Code   RO         9255    .text               mc_w.l(memseta.o)
    0x08000350   0x08000350   0x0000000e   Code   RO         9259    .text               mc_w.l(strlen.o)
    0x0800035e   0x0800035e   0x0000001a   Code   RO         9261    .text               mc_w.l(memcmp.o)
    0x08000378   0x08000378   0x0000002c   Code   RO         9547    .text               mc_w.l(uidiv.o)
    0x080003a4   0x080003a4   0x0000001e   Code   RO         9549    .text               mc_w.l(llshl.o)
    0x080003c2   0x080003c2   0x00000020   Code   RO         9551    .text               mc_w.l(llushr.o)
    0x080003e2   0x080003e2   0x00000002   PAD
    0x080003e4   0x080003e4   0x00000024   Code   RO         9573    .text               mc_w.l(init.o)
    0x08000408   0x08000408   0x00000000   Code   RO         9575    .text               mc_w.l(semi.o)
    0x08000408   0x08000408   0x00000000   Code   RO         9608    .text               mc_w.l(iusesemip.o)
    0x08000408   0x08000408   0x00000056   Code   RO         9621    .text               mc_w.l(__dczerorl2.o)
    0x0800045e   0x0800045e   0x00000002   Code   RO          791    i.BusFault_Handler  stm32f4xx_it.o
    0x08000460   0x08000460   0x0000000c   Code   RO          792    i.DMA1_Stream1_IRQHandler  stm32f4xx_it.o
    0x0800046c   0x0800046c   0x0000000c   Code   RO          793    i.DMA1_Stream3_IRQHandler  stm32f4xx_it.o
    0x08000478   0x08000478   0x0000000c   Code   RO          794    i.DMA2_Stream2_IRQHandler  stm32f4xx_it.o
    0x08000484   0x08000484   0x0000000c   Code   RO          795    i.DMA2_Stream7_IRQHandler  stm32f4xx_it.o
    0x08000490   0x08000490   0x00000028   Code   RO         2934    i.DMA_CalcBaseAndBitshift  stm32f4xx_hal_dma.o
    0x080004b8   0x080004b8   0x00000054   Code   RO         2935    i.DMA_CheckFifoParam  stm32f4xx_hal_dma.o
    0x0800050c   0x0800050c   0x00000002   Code   RO          796    i.DebugMon_Handler  stm32f4xx_it.o
    0x0800050e   0x0800050e   0x00000002   PAD
    0x08000510   0x08000510   0x00000020   Code   RO          978    i.ETH_Delay         stm32f4xx_hal_eth.o
    0x08000530   0x08000530   0x0000002e   Code   RO          979    i.ETH_FlushTransmitFIFO  stm32f4xx_hal_eth.o
    0x0800055e   0x0800055e   0x00000002   PAD
    0x08000560   0x08000560   0x00000024   Code   RO          797    i.ETH_IRQHandler    stm32f4xx_it.o
    0x08000584   0x08000584   0x00000124   Code   RO          980    i.ETH_MACDMAConfig  stm32f4xx_hal_eth.o
    0x080006a8   0x080006a8   0x00000002   Code   RO           13    i.Error_Handler     main.o
    0x080006aa   0x080006aa   0x00000022   Code   RO         1135    i.HAL_CRC_Init      stm32f4xx_hal_crc.o
    0x080006cc   0x080006cc   0x00000028   Code   RO          417    i.HAL_CRC_MspInit   crc.o
    0x080006f4   0x080006f4   0x00000024   Code   RO         2938    i.HAL_DMA_Abort_IT  stm32f4xx_hal_dma.o
    0x08000718   0x08000718   0x000001a0   Code   RO         2942    i.HAL_DMA_IRQHandler  stm32f4xx_hal_dma.o
    0x080008b8   0x080008b8   0x000000d4   Code   RO         2943    i.HAL_DMA_Init      stm32f4xx_hal_dma.o
    0x0800098c   0x0800098c   0x00000024   Code   RO         3356    i.HAL_Delay         stm32f4xx_hal.o
    0x080009b0   0x080009b0   0x00000072   Code   RO          983    i.HAL_ETH_DMARxDescListInit  stm32f4xx_hal_eth.o
    0x08000a22   0x08000a22   0x00000078   Code   RO          984    i.HAL_ETH_DMATxDescListInit  stm32f4xx_hal_eth.o
    0x08000a9a   0x08000a9a   0x00000002   Code   RO          986    i.HAL_ETH_ErrorCallback  stm32f4xx_hal_eth.o
    0x08000a9c   0x08000a9c   0x00000088   Code   RO          988    i.HAL_ETH_GetReceivedFrame_IT  stm32f4xx_hal_eth.o
    0x08000b24   0x08000b24   0x0000007a   Code   RO          990    i.HAL_ETH_IRQHandler  stm32f4xx_hal_eth.o
    0x08000b9e   0x08000b9e   0x00000002   PAD
    0x08000ba0   0x08000ba0   0x000001e8   Code   RO          991    i.HAL_ETH_Init      stm32f4xx_hal_eth.o
    0x08000d88   0x08000d88   0x000000dc   Code   RO          630    i.HAL_ETH_MspInit   ethernetif.o
    0x08000e64   0x08000e64   0x00000082   Code   RO          994    i.HAL_ETH_ReadPHYRegister  stm32f4xx_hal_eth.o
    0x08000ee6   0x08000ee6   0x00000002   PAD
    0x08000ee8   0x08000ee8   0x0000000c   Code   RO          631    i.HAL_ETH_RxCpltCallback  ethernetif.o
    0x08000ef4   0x08000ef4   0x00000084   Code   RO          996    i.HAL_ETH_Start     stm32f4xx_hal_eth.o
    0x08000f78   0x08000f78   0x00000108   Code   RO          998    i.HAL_ETH_TransmitFrame  stm32f4xx_hal_eth.o
    0x08001080   0x08001080   0x00000002   Code   RO          999    i.HAL_ETH_TxCpltCallback  stm32f4xx_hal_eth.o
    0x08001082   0x08001082   0x00000076   Code   RO         1000    i.HAL_ETH_WritePHYRegister  stm32f4xx_hal_eth.o
    0x080010f8   0x080010f8   0x000001b4   Code   RO         2830    i.HAL_GPIO_Init     stm32f4xx_hal_gpio.o
    0x080012ac   0x080012ac   0x0000000a   Code   RO         2834    i.HAL_GPIO_WritePin  stm32f4xx_hal_gpio.o
    0x080012b6   0x080012b6   0x00000002   PAD
    0x080012b8   0x080012b8   0x0000000c   Code   RO         3362    i.HAL_GetTick       stm32f4xx_hal.o
    0x080012c4   0x080012c4   0x00000010   Code   RO         3368    i.HAL_IncTick       stm32f4xx_hal.o
    0x080012d4   0x080012d4   0x00000034   Code   RO         3369    i.HAL_Init          stm32f4xx_hal.o
    0x08001308   0x08001308   0x00000074   Code   RO          939    i.HAL_InitTick      stm32f4xx_hal_timebase_tim.o
    0x0800137c   0x0800137c   0x00000038   Code   RO          915    i.HAL_MspInit       stm32f4xx_hal_msp.o
    0x080013b4   0x080013b4   0x0000001a   Code   RO         3219    i.HAL_NVIC_EnableIRQ  stm32f4xx_hal_cortex.o
    0x080013ce   0x080013ce   0x00000002   PAD
    0x080013d0   0x080013d0   0x00000040   Code   RO         3225    i.HAL_NVIC_SetPriority  stm32f4xx_hal_cortex.o
    0x08001410   0x08001410   0x00000024   Code   RO         3226    i.HAL_NVIC_SetPriorityGrouping  stm32f4xx_hal_cortex.o
    0x08001434   0x08001434   0x00000134   Code   RO         2476    i.HAL_RCC_ClockConfig  stm32f4xx_hal_rcc.o
    0x08001568   0x08001568   0x00000040   Code   RO         2480    i.HAL_RCC_GetClockConfig  stm32f4xx_hal_rcc.o
    0x080015a8   0x080015a8   0x0000000c   Code   RO         2481    i.HAL_RCC_GetHCLKFreq  stm32f4xx_hal_rcc.o
    0x080015b4   0x080015b4   0x00000020   Code   RO         2483    i.HAL_RCC_GetPCLK1Freq  stm32f4xx_hal_rcc.o
    0x080015d4   0x080015d4   0x00000020   Code   RO         2484    i.HAL_RCC_GetPCLK2Freq  stm32f4xx_hal_rcc.o
    0x080015f4   0x080015f4   0x00000064   Code   RO         2485    i.HAL_RCC_GetSysClockFreq  stm32f4xx_hal_rcc.o
    0x08001658   0x08001658   0x0000034c   Code   RO         2488    i.HAL_RCC_OscConfig  stm32f4xx_hal_rcc.o
    0x080019a4   0x080019a4   0x00000002   Code   RO         1898    i.HAL_TIMEx_BreakCallback  stm32f4xx_hal_tim_ex.o
    0x080019a6   0x080019a6   0x00000002   Code   RO         1899    i.HAL_TIMEx_CommutCallback  stm32f4xx_hal_tim_ex.o
    0x080019a8   0x080019a8   0x00000036   Code   RO         1223    i.HAL_TIM_Base_Init  stm32f4xx_hal_tim.o
    0x080019de   0x080019de   0x00000002   Code   RO         1225    i.HAL_TIM_Base_MspInit  stm32f4xx_hal_tim.o
    0x080019e0   0x080019e0   0x00000022   Code   RO         1228    i.HAL_TIM_Base_Start_IT  stm32f4xx_hal_tim.o
    0x08001a02   0x08001a02   0x00000002   Code   RO         1252    i.HAL_TIM_IC_CaptureCallback  stm32f4xx_hal_tim.o
    0x08001a04   0x08001a04   0x00000166   Code   RO         1266    i.HAL_TIM_IRQHandler  stm32f4xx_hal_tim.o
    0x08001b6a   0x08001b6a   0x00000002   Code   RO         1269    i.HAL_TIM_OC_DelayElapsedCallback  stm32f4xx_hal_tim.o
    0x08001b6c   0x08001b6c   0x00000002   Code   RO         1296    i.HAL_TIM_PWM_PulseFinishedCallback  stm32f4xx_hal_tim.o
    0x08001b6e   0x08001b6e   0x00000002   PAD
    0x08001b70   0x08001b70   0x00000014   Code   RO           14    i.HAL_TIM_PeriodElapsedCallback  main.o
    0x08001b84   0x08001b84   0x00000002   Code   RO         1309    i.HAL_TIM_TriggerCallback  stm32f4xx_hal_tim.o
    0x08001b86   0x08001b86   0x00000002   Code   RO         2170    i.HAL_UART_ErrorCallback  stm32f4xx_hal_uart.o
    0x08001b88   0x08001b88   0x00000114   Code   RO         2173    i.HAL_UART_IRQHandler  stm32f4xx_hal_uart.o
    0x08001c9c   0x08001c9c   0x00000062   Code   RO         2174    i.HAL_UART_Init     stm32f4xx_hal_uart.o
    0x08001cfe   0x08001cfe   0x00000002   PAD
    0x08001d00   0x08001d00   0x000001b8   Code   RO          744    i.HAL_UART_MspInit  usart.o
    0x08001eb8   0x08001eb8   0x00000002   Code   RO         2180    i.HAL_UART_RxCpltCallback  stm32f4xx_hal_uart.o
    0x08001eba   0x08001eba   0x00000002   Code   RO         2185    i.HAL_UART_TxCpltCallback  stm32f4xx_hal_uart.o
    0x08001ebc   0x08001ebc   0x00000002   Code   RO          798    i.HardFault_Handler  stm32f4xx_it.o
    0x08001ebe   0x08001ebe   0x00000002   PAD
    0x08001ec0   0x08001ec0   0x00000024   Code   RO          418    i.MX_CRC_Init       crc.o
    0x08001ee4   0x08001ee4   0x0000006c   Code   RO          458    i.MX_DMA_Init       dma.o
    0x08001f50   0x08001f50   0x00000028   Code   RO          482    i.MX_FREERTOS_Init  freertos.o
    0x08001f78   0x08001f78   0x00000130   Code   RO          392    i.MX_GPIO_Init      gpio.o
    0x080020a8   0x080020a8   0x000000e8   Code   RO          558    i.MX_LWIP_Init      lwip.o
    0x08002190   0x08002190   0x00000038   Code   RO          745    i.MX_USART1_UART_Init  usart.o
    0x080021c8   0x080021c8   0x00000038   Code   RO          746    i.MX_USART3_UART_Init  usart.o
    0x08002200   0x08002200   0x00000002   Code   RO          799    i.MemManage_Handler  stm32f4xx_it.o
    0x08002202   0x08002202   0x00000002   Code   RO          800    i.NMI_Handler       stm32f4xx_it.o
    0x08002204   0x08002204   0x0000002c   Code   RO         9124    i.RTT_dbg_msg       segger_rtt_printf.o
    0x08002230   0x08002230   0x00000094   Code   RO         9053    i.SEGGER_RTT_Write  segger_rtt.o
    0x080022c4   0x080022c4   0x00000178   Code   RO         9128    i.SEGGER_RTT_vprintf  segger_rtt_printf.o
    0x0800243c   0x0800243c   0x0000000c   Code   RO          483    i.StartDefaultTask  freertos.o
    0x08002448   0x08002448   0x0000002c   Code   RO         4781    i.SysTick_Handler   port.o
    0x08002474   0x08002474   0x0000008c   Code   RO           15    i.SystemClock_Config  main.o
    0x08002500   0x08002500   0x0000001c   Code   RO         3608    i.SystemInit        system_stm32f4xx.o
    0x0800251c   0x0800251c   0x0000000c   Code   RO          801    i.TIM6_DAC_IRQHandler  stm32f4xx_it.o
    0x08002528   0x08002528   0x000000c8   Code   RO         1311    i.TIM_Base_SetConfig  stm32f4xx_hal_tim.o
    0x080025f0   0x080025f0   0x00000010   Code   RO         2187    i.UART_DMAAbortOnError  stm32f4xx_hal_uart.o
    0x08002600   0x08002600   0x0000001c   Code   RO         2197    i.UART_EndRxTransfer  stm32f4xx_hal_uart.o
    0x0800261c   0x0800261c   0x00000096   Code   RO         2199    i.UART_Receive_IT   stm32f4xx_hal_uart.o
    0x080026b2   0x080026b2   0x00000002   PAD
    0x080026b4   0x080026b4   0x00000128   Code   RO         2200    i.UART_SetConfig    stm32f4xx_hal_uart.o
    0x080027dc   0x080027dc   0x00000062   Code   RO         2201    i.UART_Transmit_IT  stm32f4xx_hal_uart.o
    0x0800283e   0x0800283e   0x00000002   PAD
    0x08002840   0x08002840   0x0000000c   Code   RO          802    i.USART1_IRQHandler  stm32f4xx_it.o
    0x0800284c   0x0800284c   0x0000000c   Code   RO          803    i.USART3_IRQHandler  stm32f4xx_it.o
    0x08002858   0x08002858   0x00000002   Code   RO          804    i.UsageFault_Handler  stm32f4xx_it.o
    0x0800285a   0x0800285a   0x000000c0   Code   RO         9129    i._PrintInt         segger_rtt_printf.o
    0x0800291a   0x0800291a   0x00000002   PAD
    0x0800291c   0x0800291c   0x000000d8   Code   RO         9130    i._PrintUnsigned    segger_rtt_printf.o
    0x080029f4   0x080029f4   0x0000003e   Code   RO         9131    i._StoreChar        segger_rtt_printf.o
    0x08002a32   0x08002a32   0x00000002   PAD
    0x08002a34   0x08002a34   0x00000020   Code   RO         9356    i.__0printf$3       mc_w.l(printf3.o)
    0x08002a54   0x08002a54   0x00000020   Code   RO         3232    i.__NVIC_SetPriority  stm32f4xx_hal_cortex.o
    0x08002a74   0x08002a74   0x0000000e   Code   RO         9615    i.__scatterload_copy  mc_w.l(handlers.o)
    0x08002a82   0x08002a82   0x00000002   Code   RO         9616    i.__scatterload_null  mc_w.l(handlers.o)
    0x08002a84   0x08002a84   0x0000000e   Code   RO         9617    i.__scatterload_zeroinit  mc_w.l(handlers.o)
    0x08002a92   0x08002a92   0x00000002   PAD
    0x08002a94   0x08002a94   0x000001b8   Code   RO         9363    i._printf_core      mc_w.l(printf3.o)
    0x08002c4c   0x08002c4c   0x00000018   Code   RO         9132    i.change_color      segger_rtt_printf.o
    0x08002c64   0x08002c64   0x0000001c   Code   RO         7739    i.cyclic_timer      timeouts.o
    0x08002c80   0x08002c80   0x0000009c   Code   RO         7949    i.dhcp_arp_reply    dhcp.o
    0x08002d1c   0x08002d1c   0x0000018c   Code   RO         7950    i.dhcp_bind         dhcp.o
    0x08002ea8   0x08002ea8   0x00000034   Code   RO         7951    i.dhcp_check        dhcp.o
    0x08002edc   0x08002edc   0x000000ac   Code   RO         7953    i.dhcp_coarse_tmr   dhcp.o
    0x08002f88   0x08002f88   0x000002c4   Code   RO         7954    i.dhcp_create_msg   dhcp.o
    0x0800324c   0x0800324c   0x000000b8   Code   RO         7955    i.dhcp_dec_pcb_refcount  dhcp.o
    0x08003304   0x08003304   0x00000088   Code   RO         7956    i.dhcp_decline      dhcp.o
    0x0800338c   0x0800338c   0x00000124   Code   RO         7957    i.dhcp_delete_msg   dhcp.o
    0x080034b0   0x080034b0   0x000000cc   Code   RO         7958    i.dhcp_discover     dhcp.o
    0x0800357c   0x0800357c   0x00000034   Code   RO         7959    i.dhcp_fine_tmr     dhcp.o
    0x080035b0   0x080035b0   0x0000008c   Code   RO         7960    i.dhcp_handle_ack   dhcp.o
    0x0800363c   0x0800363c   0x000000ec   Code   RO         7961    i.dhcp_inc_pcb_refcount  dhcp.o
    0x08003728   0x08003728   0x000000a4   Code   RO         7964    i.dhcp_option       dhcp.o
    0x080037cc   0x080037cc   0x000000c8   Code   RO         7965    i.dhcp_option_byte  dhcp.o
    0x08003894   0x08003894   0x000000fc   Code   RO         7966    i.dhcp_option_long  dhcp.o
    0x08003990   0x08003990   0x000000a0   Code   RO         7967    i.dhcp_option_short  dhcp.o
    0x08003a30   0x08003a30   0x0000015c   Code   RO         7968    i.dhcp_option_trailer  dhcp.o
    0x08003b8c   0x08003b8c   0x000003c8   Code   RO         7969    i.dhcp_parse_reply  dhcp.o
    0x08003f54   0x08003f54   0x000000b8   Code   RO         7970    i.dhcp_rebind       dhcp.o
    0x0800400c   0x0800400c   0x000000d4   Code   RO         7971    i.dhcp_reboot       dhcp.o
    0x080040e0   0x080040e0   0x000001b0   Code   RO         7972    i.dhcp_recv         dhcp.o
    0x08004290   0x08004290   0x000000a8   Code   RO         7973    i.dhcp_release      dhcp.o
    0x08004338   0x08004338   0x000000b8   Code   RO         7974    i.dhcp_renew        dhcp.o
    0x080043f0   0x080043f0   0x000000f8   Code   RO         7975    i.dhcp_select       dhcp.o
    0x080044e8   0x080044e8   0x00000010   Code   RO         7976    i.dhcp_set_state    dhcp.o
    0x080044f8   0x080044f8   0x00000164   Code   RO         7978    i.dhcp_start        dhcp.o
    0x0800465c   0x0800465c   0x000000d8   Code   RO         7979    i.dhcp_stop         dhcp.o
    0x08004734   0x08004734   0x0000001c   Code   RO         7980    i.dhcp_supplied_address  dhcp.o
    0x08004750   0x08004750   0x00000066   Code   RO         7981    i.dhcp_timeout      dhcp.o
    0x080047b6   0x080047b6   0x00000002   PAD
    0x080047b8   0x080047b8   0x00000098   Code   RO         6431    i.dns_call_found    dns.o
    0x08004850   0x08004850   0x00000174   Code   RO         6432    i.dns_check_entry   dns.o
    0x080049c4   0x080049c4   0x00000002   Code   RO         6438    i.dns_init          dns.o
    0x080049c6   0x080049c6   0x00000002   PAD
    0x080049c8   0x080049c8   0x00000194   Code   RO         6440    i.dns_send          dns.o
    0x08004b5c   0x08004b5c   0x00000020   Code   RO         6441    i.dns_setserver     dns.o
    0x08004b7c   0x08004b7c   0x00000014   Code   RO         6442    i.dns_tmr           dns.o
    0x08004b90   0x08004b90   0x000000a8   Code   RO         6747    i.do_memp_free_pool  memp.o
    0x08004c38   0x08004c38   0x000000b8   Code   RO         6748    i.do_memp_malloc_pool  memp.o
    0x08004cf0   0x08004cf0   0x00000030   Code   RO         8155    i.etharp_cleanup_netif  etharp.o
    0x08004d20   0x08004d20   0x00000248   Code   RO         8157    i.etharp_find_entry  etharp.o
    0x08004f68   0x08004f68   0x00000024   Code   RO         8158    i.etharp_free_entry  etharp.o
    0x08004f8c   0x08004f8c   0x0000011c   Code   RO         8160    i.etharp_input      etharp.o
    0x080050a8   0x080050a8   0x000001a8   Code   RO         8161    i.etharp_output     etharp.o
    0x08005250   0x08005250   0x00000110   Code   RO         8162    i.etharp_output_to_arp_index  etharp.o
    0x08005360   0x08005360   0x000001e0   Code   RO         8163    i.etharp_query      etharp.o
    0x08005540   0x08005540   0x00000170   Code   RO         8164    i.etharp_raw        etharp.o
    0x080056b0   0x080056b0   0x0000000c   Code   RO         8165    i.etharp_request    etharp.o
    0x080056bc   0x080056bc   0x00000020   Code   RO         8166    i.etharp_request_dst  etharp.o
    0x080056dc   0x080056dc   0x00000060   Code   RO         8167    i.etharp_tmr        etharp.o
    0x0800573c   0x0800573c   0x0000011c   Code   RO         8168    i.etharp_update_arp_entry  etharp.o
    0x08005858   0x08005858   0x000000a0   Code   RO         5298    i.ethernet_input    ethernet.o
    0x080058f8   0x080058f8   0x000000f8   Code   RO         5299    i.ethernet_output   ethernet.o
    0x080059f0   0x080059f0   0x00000088   Code   RO          632    i.ethernetif_init   ethernetif.o
    0x08005a78   0x08005a78   0x00000034   Code   RO          633    i.ethernetif_input  ethernetif.o
    0x08005aac   0x08005aac   0x00000012   Code   RO         9544    i.fputc             mc_w.l(fputc.o)
    0x08005abe   0x08005abe   0x00000008   Code   RO         8255    i.icmp_dest_unreach  icmp.o
    0x08005ac6   0x08005ac6   0x00000002   PAD
    0x08005ac8   0x08005ac8   0x000001e4   Code   RO         8256    i.icmp_input        icmp.o
    0x08005cac   0x08005cac   0x0000010c   Code   RO         8257    i.icmp_send_response  icmp.o
    0x08005db8   0x08005db8   0x00000008   Code   RO         8258    i.icmp_time_exceeded  icmp.o
    0x08005dc0   0x08005dc0   0x0000000c   Code   RO         4362    i.inHandlerMode     cmsis_os.o
    0x08005dcc   0x08005dcc   0x0000002e   Code   RO         8367    i.ip4_addr_isbroadcast_u32  ip4_addr.o
    0x08005dfa   0x08005dfa   0x00000002   PAD
    0x08005dfc   0x08005dfc   0x00000258   Code   RO         8433    i.ip4_frag          ip4_frag.o
    0x08006054   0x08006054   0x000001c0   Code   RO         8317    i.ip4_input         ip4.o
    0x08006214   0x08006214   0x0000001e   Code   RO         8319    i.ip4_output_if     ip4.o
    0x08006232   0x08006232   0x00000002   PAD
    0x08006234   0x08006234   0x0000016c   Code   RO         8320    i.ip4_output_if_src  ip4.o
    0x080063a0   0x080063a0   0x000001c8   Code   RO         8434    i.ip4_reass         ip4_frag.o
    0x08006568   0x08006568   0x0000005c   Code   RO         8321    i.ip4_route         ip4.o
    0x080065c4   0x080065c4   0x00000090   Code   RO         8435    i.ip_frag_free_pbuf_custom_ref  ip4_frag.o
    0x08006654   0x08006654   0x0000025c   Code   RO         8436    i.ip_reass_chain_frag_into_datagram_and_validate  ip4_frag.o
    0x080068b0   0x080068b0   0x000000bc   Code   RO         8437    i.ip_reass_dequeue_datagram  ip4_frag.o
    0x0800696c   0x0800696c   0x00000190   Code   RO         8438    i.ip_reass_free_complete_datagram  ip4_frag.o
    0x08006afc   0x08006afc   0x00000084   Code   RO         8439    i.ip_reass_remove_oldest_datagram  ip4_frag.o
    0x08006b80   0x08006b80   0x0000002c   Code   RO         8440    i.ip_reass_tmr      ip4_frag.o
    0x08006bac   0x08006bac   0x00000098   Code   RO         8441    i.ipfrag_free_pbuf_custom  ip4_frag.o
    0x08006c44   0x08006c44   0x0000011c   Code   RO          634    i.low_level_init    ethernetif.o
    0x08006d60   0x08006d60   0x000000bc   Code   RO          635    i.low_level_input   ethernetif.o
    0x08006e1c   0x08006e1c   0x000000a8   Code   RO          636    i.low_level_output  ethernetif.o
    0x08006ec4   0x08006ec4   0x00000004   Code   RO         6375    i.lwip_htonl        def.o
    0x08006ec8   0x08006ec8   0x00000004   Code   RO         6376    i.lwip_htons        def.o
    0x08006ecc   0x08006ecc   0x00000026   Code   RO         6607    i.lwip_init         init.o
    0x08006ef2   0x08006ef2   0x00000026   Code   RO           17    i.main              main.o
    0x08006f18   0x08006f18   0x0000000c   Code   RO         4364    i.makeFreeRtosPriority  cmsis_os.o
    0x08006f24   0x08006f24   0x00000138   Code   RO         6681    i.mem_free          mem.o
    0x0800705c   0x0800705c   0x000000c4   Code   RO         6682    i.mem_init          mem.o
    0x08007120   0x08007120   0x00000210   Code   RO         6683    i.mem_malloc        mem.o
    0x08007330   0x08007330   0x000001a0   Code   RO         6684    i.mem_trim          mem.o
    0x080074d0   0x080074d0   0x0000009c   Code   RO         6749    i.memp_free         memp.o
    0x0800756c   0x0800756c   0x0000001c   Code   RO         6751    i.memp_init         memp.o
    0x08007588   0x08007588   0x0000002a   Code   RO         6752    i.memp_init_pool    memp.o
    0x080075b2   0x080075b2   0x00000002   PAD
    0x080075b4   0x080075b4   0x000000a4   Code   RO         6753    i.memp_malloc       memp.o
    0x08007658   0x08007658   0x000000e0   Code   RO         6891    i.netif_add         netif.o
    0x08007738   0x08007738   0x00000002   Code   RO         6893    i.netif_init        netif.o
    0x0800773a   0x0800773a   0x0000001a   Code   RO         6895    i.netif_issue_reports  netif.o
    0x08007754   0x08007754   0x00000048   Code   RO         6897    i.netif_set_addr    netif.o
    0x0800779c   0x0800779c   0x0000000c   Code   RO         6898    i.netif_set_default  netif.o
    0x080077a8   0x080077a8   0x0000001a   Code   RO         6899    i.netif_set_down    netif.o
    0x080077c2   0x080077c2   0x00000008   Code   RO         6900    i.netif_set_gw      netif.o
    0x080077ca   0x080077ca   0x00000002   PAD
    0x080077cc   0x080077cc   0x00000040   Code   RO         6901    i.netif_set_ipaddr  netif.o
    0x0800780c   0x0800780c   0x00000008   Code   RO         6904    i.netif_set_netmask  netif.o
    0x08007814   0x08007814   0x0000001c   Code   RO         6905    i.netif_set_up      netif.o
    0x08007830   0x08007830   0x0000000e   Code   RO         4366    i.osDelay           cmsis_os.o
    0x0800783e   0x0800783e   0x0000000a   Code   RO         4369    i.osKernelStart     cmsis_os.o
    0x08007848   0x08007848   0x00000018   Code   RO         4370    i.osKernelSysTick   cmsis_os.o
    0x08007860   0x08007860   0x00000008   Code   RO         4378    i.osMessageCreate   cmsis_os.o
    0x08007868   0x08007868   0x00000094   Code   RO         4380    i.osMessageGet      cmsis_os.o
    0x080078fc   0x080078fc   0x0000005c   Code   RO         4382    i.osMessagePut      cmsis_os.o
    0x08007958   0x08007958   0x00000006   Code   RO         4384    i.osMutexCreate     cmsis_os.o
    0x0800795e   0x0800795e   0x00000002   PAD
    0x08007960   0x08007960   0x00000050   Code   RO         4386    i.osMutexRelease    cmsis_os.o
    0x080079b0   0x080079b0   0x00000064   Code   RO         4387    i.osMutexWait       cmsis_os.o
    0x08007a14   0x08007a14   0x00000026   Code   RO         4395    i.osSemaphoreCreate  cmsis_os.o
    0x08007a3a   0x08007a3a   0x00000002   PAD
    0x08007a3c   0x08007a3c   0x00000050   Code   RO         4398    i.osSemaphoreRelease  cmsis_os.o
    0x08007a8c   0x08007a8c   0x00000064   Code   RO         4399    i.osSemaphoreWait   cmsis_os.o
    0x08007af0   0x08007af0   0x0000002e   Code   RO         4403    i.osThreadCreate    cmsis_os.o
    0x08007b1e   0x08007b1e   0x00000002   PAD
    0x08007b20   0x08007b20   0x00000374   Code   RO         7022    i.pbuf_alloc        pbuf.o
    0x08007e94   0x08007e94   0x000000e0   Code   RO         7023    i.pbuf_alloced_custom  pbuf.o
    0x08007f74   0x08007f74   0x00000130   Code   RO         7024    i.pbuf_cat          pbuf.o
    0x080080a4   0x080080a4   0x00000012   Code   RO         7025    i.pbuf_chain        pbuf.o
    0x080080b6   0x080080b6   0x00000012   Code   RO         7026    i.pbuf_clen         pbuf.o
    0x080080c8   0x080080c8   0x000001ec   Code   RO         7028    i.pbuf_copy         pbuf.o
    0x080082b4   0x080082b4   0x0000011c   Code   RO         7029    i.pbuf_copy_partial  pbuf.o
    0x080083d0   0x080083d0   0x00000174   Code   RO         7031    i.pbuf_free         pbuf.o
    0x08008544   0x08008544   0x00000034   Code   RO         7032    i.pbuf_free_ooseq_callback  pbuf.o
    0x08008578   0x08008578   0x00000006   Code   RO         7034    i.pbuf_header       pbuf.o
    0x0800857e   0x0800857e   0x00000006   Code   RO         7035    i.pbuf_header_force  pbuf.o
    0x08008584   0x08008584   0x00000124   Code   RO         7036    i.pbuf_header_impl  pbuf.o
    0x080086a8   0x080086a8   0x00000040   Code   RO         7039    i.pbuf_pool_is_empty  pbuf.o
    0x080086e8   0x080086e8   0x0000001e   Code   RO         7040    i.pbuf_put_at       pbuf.o
    0x08008706   0x08008706   0x00000002   PAD
    0x08008708   0x08008708   0x00000198   Code   RO         7041    i.pbuf_realloc      pbuf.o
    0x080088a0   0x080088a0   0x0000009c   Code   RO         7042    i.pbuf_ref          pbuf.o
    0x0800893c   0x0800893c   0x00000004   Code   RO         7043    i.pbuf_skip         pbuf.o
    0x08008940   0x08008940   0x00000018   Code   RO         7044    i.pbuf_skip_const   pbuf.o
    0x08008958   0x08008958   0x0000017c   Code   RO         7046    i.pbuf_take         pbuf.o
    0x08008ad4   0x08008ad4   0x00000054   Code   RO         7047    i.pbuf_take_at      pbuf.o
    0x08008b28   0x08008b28   0x0000017c   Code   RO         6685    i.plug_holes        mem.o
    0x08008ca4   0x08008ca4   0x00000070   Code   RO         4067    i.prvAddCurrentTaskToDelayedList  tasks.o
    0x08008d14   0x08008d14   0x000000d0   Code   RO         4068    i.prvAddNewTaskToReadyList  tasks.o
    0x08008de4   0x08008de4   0x00000026   Code   RO         3780    i.prvCopyDataFromQueue  queue.o
    0x08008e0a   0x08008e0a   0x0000006c   Code   RO         3781    i.prvCopyDataToQueue  queue.o
    0x08008e76   0x08008e76   0x00000014   Code   RO         4069    i.prvDeleteTCB      tasks.o
    0x08008e8a   0x08008e8a   0x00000002   PAD
    0x08008e8c   0x08008e8c   0x0000004c   Code   RO         4719    i.prvHeapInit       heap_4.o
    0x08008ed8   0x08008ed8   0x0000005c   Code   RO         4070    i.prvIdleTask       tasks.o
    0x08008f34   0x08008f34   0x0000008e   Code   RO         4071    i.prvInitialiseNewTask  tasks.o
    0x08008fc2   0x08008fc2   0x00000002   PAD
    0x08008fc4   0x08008fc4   0x0000004c   Code   RO         4720    i.prvInsertBlockIntoFreeList  heap_4.o
    0x08009010   0x08009010   0x0000001a   Code   RO         3782    i.prvIsQueueEmpty   queue.o
    0x0800902a   0x0800902a   0x00000002   PAD
    0x0800902c   0x0800902c   0x00000020   Code   RO         4072    i.prvResetNextTaskUnblockTime  tasks.o
    0x0800904c   0x0800904c   0x00000028   Code   RO         4782    i.prvTaskExitError  port.o
    0x08009074   0x08009074   0x0000006a   Code   RO         3783    i.prvUnlockQueue    queue.o
    0x080090de   0x080090de   0x00000002   PAD
    0x080090e0   0x080090e0   0x000000d8   Code   RO         4721    i.pvPortMalloc      heap_4.o
    0x080091b8   0x080091b8   0x00000018   Code   RO         4074    i.pvTaskIncrementMutexHeldCount  tasks.o
    0x080091d0   0x080091d0   0x0000002c   Code   RO         4783    i.pxPortInitialiseStack  port.o
    0x080091fc   0x080091fc   0x00000046   Code   RO         8687    i.sys_arch_mbox_fetch  sys_arch.o
    0x08009242   0x08009242   0x00000002   PAD
    0x08009244   0x08009244   0x00000018   Code   RO         8689    i.sys_arch_protect  sys_arch.o
    0x0800925c   0x0800925c   0x0000000c   Code   RO         8691    i.sys_arch_unprotect  sys_arch.o
    0x08009268   0x08009268   0x00000058   Code   RO         7740    i.sys_check_timeouts  timeouts.o
    0x080092c0   0x080092c0   0x00000018   Code   RO         8692    i.sys_init          sys_arch.o
    0x080092d8   0x080092d8   0x00000028   Code   RO         8694    i.sys_mbox_new      sys_arch.o
    0x08009300   0x08009300   0x0000001a   Code   RO         8695    i.sys_mbox_post     sys_arch.o
    0x0800931a   0x0800931a   0x00000014   Code   RO         8697    i.sys_mbox_trypost  sys_arch.o
    0x0800932e   0x0800932e   0x0000000a   Code   RO         8698    i.sys_mbox_valid    sys_arch.o
    0x08009338   0x08009338   0x0000000a   Code   RO         8700    i.sys_mutex_lock    sys_arch.o
    0x08009342   0x08009342   0x0000001c   Code   RO         8701    i.sys_mutex_new     sys_arch.o
    0x0800935e   0x0800935e   0x00000006   Code   RO         8702    i.sys_mutex_unlock  sys_arch.o
    0x08009364   0x08009364   0x00000004   Code   RO          638    i.sys_now           ethernetif.o
    0x08009368   0x08009368   0x00000030   Code   RO         8708    i.sys_thread_new    sys_arch.o
    0x08009398   0x08009398   0x0000013c   Code   RO         7742    i.sys_timeout       timeouts.o
    0x080094d4   0x080094d4   0x00000030   Code   RO         7743    i.sys_timeouts_init  timeouts.o
    0x08009504   0x08009504   0x00000050   Code   RO         7744    i.sys_timeouts_mbox_fetch  timeouts.o
    0x08009554   0x08009554   0x00000174   Code   RO         7270    i.tcp_abandon       tcp.o
    0x080096c8   0x080096c8   0x00000006   Code   RO         7271    i.tcp_abort         tcp.o
    0x080096ce   0x080096ce   0x00000002   PAD
    0x080096d0   0x080096d0   0x000000fc   Code   RO         7274    i.tcp_alloc         tcp.o
    0x080097cc   0x080097cc   0x00000014   Code   RO         7277    i.tcp_close         tcp.o
    0x080097e0   0x080097e0   0x00000188   Code   RO         7278    i.tcp_close_shutdown  tcp.o
    0x08009968   0x08009968   0x000000c4   Code   RO         7279    i.tcp_close_shutdown_fin  tcp.o
    0x08009a2c   0x08009a2c   0x00000120   Code   RO         7629    i.tcp_create_segment  tcp_out.o
    0x08009b4c   0x08009b4c   0x00000022   Code   RO         7282    i.tcp_eff_send_mss_impl  tcp.o
    0x08009b6e   0x08009b6e   0x00000002   PAD
    0x08009b70   0x08009b70   0x0000020c   Code   RO         7630    i.tcp_enqueue_flags  tcp_out.o
    0x08009d7c   0x08009d7c   0x0000006c   Code   RO         7284    i.tcp_fasttmr       tcp.o
    0x08009de8   0x08009de8   0x00000030   Code   RO         7545    i.tcp_getoptbyte    tcp_in.o
    0x08009e18   0x08009e18   0x00000002   Code   RO         7285    i.tcp_init          tcp.o
    0x08009e1a   0x08009e1a   0x00000002   PAD
    0x08009e1c   0x08009e1c   0x000005c8   Code   RO         7546    i.tcp_input         tcp_in.o
    0x0800a3e4   0x0800a3e4   0x00000040   Code   RO         7547    i.tcp_input_delayed_close  tcp_in.o
    0x0800a424   0x0800a424   0x00000052   Code   RO         7631    i.tcp_keepalive     tcp_out.o
    0x0800a476   0x0800a476   0x00000002   PAD
    0x0800a478   0x0800a478   0x000000bc   Code   RO         7286    i.tcp_kill_state    tcp.o
    0x0800a534   0x0800a534   0x000000cc   Code   RO         7287    i.tcp_listen_closed  tcp.o
    0x0800a600   0x0800a600   0x000000f4   Code   RO         7548    i.tcp_listen_input  tcp_in.o
    0x0800a6f4   0x0800a6f4   0x0000004c   Code   RO         7290    i.tcp_netif_ip_addr_changed  tcp.o
    0x0800a740   0x0800a740   0x00000022   Code   RO         7291    i.tcp_netif_ip_addr_changed_pcblist  tcp.o
    0x0800a762   0x0800a762   0x00000002   PAD
    0x0800a764   0x0800a764   0x00000010   Code   RO         7295    i.tcp_next_iss      tcp.o
    0x0800a774   0x0800a774   0x00000078   Code   RO         7549    i.tcp_oos_insert_segment  tcp_in.o
    0x0800a7ec   0x0800a7ec   0x000002c8   Code   RO         7632    i.tcp_output        tcp_out.o
    0x0800aab4   0x0800aab4   0x0000010c   Code   RO         7633    i.tcp_output_alloc_header  tcp_out.o
    0x0800abc0   0x0800abc0   0x000000a8   Code   RO         7634    i.tcp_output_segment  tcp_out.o
    0x0800ac68   0x0800ac68   0x00000074   Code   RO         7550    i.tcp_parseopt      tcp_in.o
    0x0800acdc   0x0800acdc   0x00000042   Code   RO         7296    i.tcp_pcb_purge     tcp.o
    0x0800ad1e   0x0800ad1e   0x00000002   PAD
    0x0800ad20   0x0800ad20   0x00000130   Code   RO         7297    i.tcp_pcb_remove    tcp.o
    0x0800ae50   0x0800ae50   0x00000494   Code   RO         7551    i.tcp_process       tcp_in.o
    0x0800b2e4   0x0800b2e4   0x0000006c   Code   RO         7299    i.tcp_process_refused_data  tcp.o
    0x0800b350   0x0800b350   0x00000a18   Code   RO         7552    i.tcp_receive       tcp_in.o
    0x0800bd68   0x0800bd68   0x00000024   Code   RO         7301    i.tcp_recv_null     tcp.o
    0x0800bd8c   0x0800bd8c   0x00000110   Code   RO         7302    i.tcp_recved        tcp.o
    0x0800be9c   0x0800be9c   0x00000056   Code   RO         7636    i.tcp_rexmit        tcp_out.o
    0x0800bef2   0x0800bef2   0x00000058   Code   RO         7637    i.tcp_rexmit_fast   tcp_out.o
    0x0800bf4a   0x0800bf4a   0x00000032   Code   RO         7638    i.tcp_rexmit_rto    tcp_out.o
    0x0800bf7c   0x0800bf7c   0x00000120   Code   RO         7639    i.tcp_rst           tcp_out.o
    0x0800c09c   0x0800c09c   0x00000024   Code   RO         7303    i.tcp_seg_copy      tcp.o
    0x0800c0c0   0x0800c0c0   0x0000001c   Code   RO         7304    i.tcp_seg_free      tcp.o
    0x0800c0dc   0x0800c0dc   0x00000012   Code   RO         7305    i.tcp_segs_free     tcp.o
    0x0800c0ee   0x0800c0ee   0x0000006a   Code   RO         7640    i.tcp_send_empty_ack  tcp_out.o
    0x0800c158   0x0800c158   0x00000046   Code   RO         7641    i.tcp_send_fin      tcp_out.o
    0x0800c19e   0x0800c19e   0x00000002   PAD
    0x0800c1a0   0x0800c1a0   0x000004dc   Code   RO         7309    i.tcp_slowtmr       tcp.o
    0x0800c67c   0x0800c67c   0x00000034   Code   RO         7746    i.tcp_timer_needed  timeouts.o
    0x0800c6b0   0x0800c6b0   0x00000068   Code   RO         7553    i.tcp_timewait_input  tcp_in.o
    0x0800c718   0x0800c718   0x00000020   Code   RO         7310    i.tcp_tmr           tcp.o
    0x0800c738   0x0800c738   0x00000010   Code   RO         7554    i.tcp_trigger_input_pcb_close  tcp_in.o
    0x0800c748   0x0800c748   0x000000c0   Code   RO         7312    i.tcp_update_rcv_ann_wnd  tcp.o
    0x0800c808   0x0800c808   0x000000bc   Code   RO         7644    i.tcp_zero_window_probe  tcp_out.o
    0x0800c8c4   0x0800c8c4   0x000000cc   Code   RO         6272    i.tcpip_callback_with_block  tcpip.o
    0x0800c990   0x0800c990   0x00000110   Code   RO         6275    i.tcpip_init        tcpip.o
    0x0800caa0   0x0800caa0   0x000000c0   Code   RO         6276    i.tcpip_inpkt       tcpip.o
    0x0800cb60   0x0800cb60   0x0000001c   Code   RO         6277    i.tcpip_input       tcpip.o
    0x0800cb7c   0x0800cb7c   0x00000038   Code   RO         7747    i.tcpip_tcp_timer   timeouts.o
    0x0800cbb4   0x0800cbb4   0x000000f8   Code   RO         6279    i.tcpip_thread      tcpip.o
    0x0800ccac   0x0800ccac   0x000000b0   Code   RO         7818    i.udp_bind          udp.o
    0x0800cd5c   0x0800cd5c   0x00000050   Code   RO         7819    i.udp_connect       udp.o
    0x0800cdac   0x0800cdac   0x00000002   Code   RO         7821    i.udp_init          udp.o
    0x0800cdae   0x0800cdae   0x00000002   PAD
    0x0800cdb0   0x0800cdb0   0x00000194   Code   RO         7822    i.udp_input         udp.o
    0x0800cf44   0x0800cf44   0x00000034   Code   RO         7823    i.udp_netif_ip_addr_changed  udp.o
    0x0800cf78   0x0800cf78   0x0000001a   Code   RO         7824    i.udp_new           udp.o
    0x0800cf92   0x0800cf92   0x00000006   Code   RO         7826    i.udp_recv          udp.o
    0x0800cf98   0x0800cf98   0x00000030   Code   RO         7827    i.udp_remove        udp.o
    0x0800cfc8   0x0800cfc8   0x00000032   Code   RO         7829    i.udp_sendto        udp.o
    0x0800cffa   0x0800cffa   0x00000036   Code   RO         7830    i.udp_sendto_if     udp.o
    0x0800d030   0x0800d030   0x00000144   Code   RO         7831    i.udp_sendto_if_src  udp.o
    0x0800d174   0x0800d174   0x00000026   Code   RO         3740    i.uxListRemove      list.o
    0x0800d19a   0x0800d19a   0x00000016   Code   RO         3741    i.vListInitialise   list.o
    0x0800d1b0   0x0800d1b0   0x00000006   Code   RO         3742    i.vListInitialiseItem  list.o
    0x0800d1b6   0x0800d1b6   0x00000030   Code   RO         3743    i.vListInsert       list.o
    0x0800d1e6   0x0800d1e6   0x00000018   Code   RO         3744    i.vListInsertEnd    list.o
    0x0800d1fe   0x0800d1fe   0x00000002   PAD
    0x0800d200   0x0800d200   0x00000040   Code   RO         4785    i.vPortEnterCritical  port.o
    0x0800d240   0x0800d240   0x00000028   Code   RO         4786    i.vPortExitCritical  port.o
    0x0800d268   0x0800d268   0x0000005c   Code   RO         4722    i.vPortFree         heap_4.o
    0x0800d2c4   0x0800d2c4   0x00000024   Code   RO         4787    i.vPortSetupTimerInterrupt  port.o
    0x0800d2e8   0x0800d2e8   0x00000054   Code   RO         4788    i.vPortValidateInterruptPriority  port.o
    0x0800d33c   0x0800d33c   0x0000004c   Code   RO         4080    i.vTaskDelay        tasks.o
    0x0800d388   0x0800d388   0x00000010   Code   RO         4083    i.vTaskInternalSetTimeOutState  tasks.o
    0x0800d398   0x0800d398   0x0000000c   Code   RO         4084    i.vTaskMissedYield  tasks.o
    0x0800d3a4   0x0800d3a4   0x00000030   Code   RO         4086    i.vTaskPlaceOnEventList  tasks.o
    0x0800d3d4   0x0800d3d4   0x000000ac   Code   RO         4088    i.vTaskPriorityDisinheritAfterTimeout  tasks.o
    0x0800d480   0x0800d480   0x00000068   Code   RO         4093    i.vTaskStartScheduler  tasks.o
    0x0800d4e8   0x0800d4e8   0x00000010   Code   RO         4095    i.vTaskSuspendAll   tasks.o
    0x0800d4f8   0x0800d4f8   0x0000005c   Code   RO         4096    i.vTaskSwitchContext  tasks.o
    0x0800d554   0x0800d554   0x000000f4   Code   RO         4789    i.xPortStartScheduler  port.o
    0x0800d648   0x0800d648   0x00000024   Code   RO         3790    i.xQueueCreateMutex  queue.o
    0x0800d66c   0x0800d66c   0x00000048   Code   RO         3791    i.xQueueGenericCreate  queue.o
    0x0800d6b4   0x0800d6b4   0x00000088   Code   RO         3792    i.xQueueGenericReset  queue.o
    0x0800d73c   0x0800d73c   0x00000164   Code   RO         3793    i.xQueueGenericSend  queue.o
    0x0800d8a0   0x0800d8a0   0x000000bc   Code   RO         3794    i.xQueueGenericSendFromISR  queue.o
    0x0800d95c   0x0800d95c   0x0000009c   Code   RO         3795    i.xQueueGiveFromISR  queue.o
    0x0800d9f8   0x0800d9f8   0x00000138   Code   RO         3800    i.xQueueReceive     queue.o
    0x0800db30   0x0800db30   0x0000009a   Code   RO         3801    i.xQueueReceiveFromISR  queue.o
    0x0800dbca   0x0800dbca   0x00000002   PAD
    0x0800dbcc   0x0800dbcc   0x00000178   Code   RO         3802    i.xQueueSemaphoreTake  queue.o
    0x0800dd44   0x0800dd44   0x00000074   Code   RO         4097    i.xTaskCheckForTimeOut  tasks.o
    0x0800ddb8   0x0800ddb8   0x00000056   Code   RO         4098    i.xTaskCreate       tasks.o
    0x0800de0e   0x0800de0e   0x00000002   PAD
    0x0800de10   0x0800de10   0x0000001c   Code   RO         4102    i.xTaskGetSchedulerState  tasks.o
    0x0800de2c   0x0800de2c   0x0000000c   Code   RO         4103    i.xTaskGetTickCount  tasks.o
    0x0800de38   0x0800de38   0x00000010   Code   RO         4104    i.xTaskGetTickCountFromISR  tasks.o
    0x0800de48   0x0800de48   0x000000c8   Code   RO         4105    i.xTaskIncrementTick  tasks.o
    0x0800df10   0x0800df10   0x00000098   Code   RO         4108    i.xTaskPriorityDisinherit  tasks.o
    0x0800dfa8   0x0800dfa8   0x00000094   Code   RO         4109    i.xTaskPriorityInherit  tasks.o
    0x0800e03c   0x0800e03c   0x00000074   Code   RO         4110    i.xTaskRemoveFromEventList  tasks.o
    0x0800e0b0   0x0800e0b0   0x000000c4   Code   RO         4111    i.xTaskResumeAll    tasks.o
    0x0800e174   0x0800e174   0x00000014   Data   RO          484    .constdata          freertos.o
    0x0800e188   0x0800e188   0x00000014   Data   RO          640    .constdata          ethernetif.o
    0x0800e19c   0x0800e19c   0x00000008   Data   RO         2949    .constdata          stm32f4xx_hal_dma.o
    0x0800e1a4   0x0800e1a4   0x00000010   Data   RO         3609    .constdata          system_stm32f4xx.o
    0x0800e1b4   0x0800e1b4   0x00000008   Data   RO         3610    .constdata          system_stm32f4xx.o
    0x0800e1bc   0x0800e1bc   0x00000006   Data   RO         5300    .constdata          ethernet.o
    0x0800e1c2   0x0800e1c2   0x00000006   Data   RO         5301    .constdata          ethernet.o
    0x0800e1c8   0x0800e1c8   0x0000000c   Data   RO         6769    .constdata          memp.o
    0x0800e1d4   0x0800e1d4   0x0000000c   Data   RO         6770    .constdata          memp.o
    0x0800e1e0   0x0800e1e0   0x0000000c   Data   RO         6771    .constdata          memp.o
    0x0800e1ec   0x0800e1ec   0x0000000c   Data   RO         6772    .constdata          memp.o
    0x0800e1f8   0x0800e1f8   0x0000000c   Data   RO         6773    .constdata          memp.o
    0x0800e204   0x0800e204   0x0000000c   Data   RO         6774    .constdata          memp.o
    0x0800e210   0x0800e210   0x0000000c   Data   RO         6775    .constdata          memp.o
    0x0800e21c   0x0800e21c   0x0000000c   Data   RO         6776    .constdata          memp.o
    0x0800e228   0x0800e228   0x0000000c   Data   RO         6777    .constdata          memp.o
    0x0800e234   0x0800e234   0x0000000c   Data   RO         6778    .constdata          memp.o
    0x0800e240   0x0800e240   0x0000000c   Data   RO         6779    .constdata          memp.o
    0x0800e24c   0x0800e24c   0x0000000c   Data   RO         6780    .constdata          memp.o
    0x0800e258   0x0800e258   0x0000000c   Data   RO         6781    .constdata          memp.o
    0x0800e264   0x0800e264   0x0000000c   Data   RO         6782    .constdata          memp.o
    0x0800e270   0x0800e270   0x00000038   Data   RO         6783    .constdata          memp.o
    0x0800e2a8   0x0800e2a8   0x00000054   Data   RO         7313    .constdata          tcp.o
    0x0800e2fc   0x0800e2fc   0x00000030   Data   RO         7748    .constdata          timeouts.o
    0x0800e32c   0x0800e32c   0x00000004   Data   RO         8374    .constdata          ip4_addr.o
    0x0800e330   0x0800e330   0x00000004   Data   RO         8375    .constdata          ip4_addr.o
    0x0800e334   0x0800e334   0x0000000c   Data   RO         8709    .constdata          sys_arch.o
    0x0800e340   0x0800e340   0x00000010   Data   RO         9133    .constdata          segger_rtt_printf.o
    0x0800e350   0x0800e350   0x0000000c   Data   RO          485    .conststring        freertos.o
    0x0800e35c   0x0800e35c   0x00000006   Data   RO          641    .conststring        ethernetif.o
    0x0800e362   0x0800e362   0x00000002   PAD
    0x0800e364   0x0800e364   0x00000075   Data   RO         7314    .conststring        tcp.o
    0x0800e3d9   0x0800e3d9   0x00000003   PAD
    0x0800e3dc   0x0800e3dc   0x00000055   Data   RO         7645    .conststring        tcp_out.o
    0x0800e431   0x0800e431   0x00000003   PAD
    0x0800e434   0x0800e434   0x0000008c   Data   RO         7983    .conststring        dhcp.o
    0x0800e4c0   0x0800e4c0   0x00000041   Data   RO         8170    .conststring        etharp.o
    0x0800e501   0x0800e501   0x00000003   PAD
    0x0800e504   0x0800e504   0x0000000d   Data   RO         9056    .conststring        segger_rtt.o
    0x0800e511   0x0800e511   0x00000003   PAD
    0x0800e514   0x0800e514   0x00000020   Data   RO         9613    Region$$Table       anon$$obj.o


    Execution Region RW_IRAM1 (Exec base: 0x20000000, Load base: 0x0800e534, Size: 0x0000b848, Max: 0x00020000, ABSOLUTE, COMPRESSED[0x00000048])

    Exec Addr    Load Addr    Size         Type   Attr      Idx    E Section Name        Object

    0x20000000   COMPRESSED   0x00000008   Data   RW          419    .data               crc.o
    0x20000008   COMPRESSED   0x00000004   Data   RW          486    .data               freertos.o
    0x2000000c   COMPRESSED   0x0000000c   Data   RW          567    .data               lwip.o
    0x20000018   COMPRESSED   0x00000004   Data   RW          642    .data               ethernetif.o
    0x2000001c   COMPRESSED   0x0000000c   Data   RW         3376    .data               stm32f4xx_hal.o
    0x20000028   COMPRESSED   0x00000004   Data   RW         3611    .data               system_stm32f4xx.o
    0x2000002c   COMPRESSED   0x0000003c   Data   RW         4114    .data               tasks.o
    0x20000068   COMPRESSED   0x00000018   Data   RW         4727    .data               heap_4.o
    0x20000080   COMPRESSED   0x0000000c   Data   RW         4790    .data               port.o
    0x2000008c   COMPRESSED   0x00000010   Data   RW         6281    .data               tcpip.o
    0x2000009c   COMPRESSED   0x0000000c   Data   RW         6445    .data               dns.o
    0x200000a8   COMPRESSED   0x00000010   Data   RW         6687    .data               mem.o
    0x200000b8   COMPRESSED   0x00000004   Data   RW         6784    .data               memp.o
    0x200000bc   COMPRESSED   0x00000004   Data   RW         6785    .data               memp.o
    0x200000c0   COMPRESSED   0x00000004   Data   RW         6786    .data               memp.o
    0x200000c4   COMPRESSED   0x00000004   Data   RW         6787    .data               memp.o
    0x200000c8   COMPRESSED   0x00000004   Data   RW         6788    .data               memp.o
    0x200000cc   COMPRESSED   0x00000004   Data   RW         6789    .data               memp.o
    0x200000d0   COMPRESSED   0x00000004   Data   RW         6790    .data               memp.o
    0x200000d4   COMPRESSED   0x00000004   Data   RW         6791    .data               memp.o
    0x200000d8   COMPRESSED   0x00000004   Data   RW         6792    .data               memp.o
    0x200000dc   COMPRESSED   0x00000004   Data   RW         6793    .data               memp.o
    0x200000e0   COMPRESSED   0x00000004   Data   RW         6794    .data               memp.o
    0x200000e4   COMPRESSED   0x00000004   Data   RW         6795    .data               memp.o
    0x200000e8   COMPRESSED   0x00000004   Data   RW         6796    .data               memp.o
    0x200000ec   COMPRESSED   0x00000004   Data   RW         6797    .data               memp.o
    0x200000f0   COMPRESSED   0x0000000c   Data   RW         6906    .data               netif.o
    0x200000fc   COMPRESSED   0x00000001   Data   RW         7049    .data               pbuf.o
    0x200000fd   COMPRESSED   0x00000003   PAD
    0x20000100   COMPRESSED   0x00000020   Data   RW         7315    .data               tcp.o
    0x20000120   COMPRESSED   0x00000024   Data   RW         7556    .data               tcp_in.o
    0x20000144   COMPRESSED   0x0000000c   Data   RW         7749    .data               timeouts.o
    0x20000150   COMPRESSED   0x00000008   Data   RW         7832    .data               udp.o
    0x20000158   COMPRESSED   0x00000010   Data   RW         7984    .data               dhcp.o
    0x20000168   COMPRESSED   0x00000001   Data   RW         8171    .data               etharp.o
    0x20000169   COMPRESSED   0x00000001   PAD
    0x2000016a   COMPRESSED   0x00000002   Data   RW         8322    .data               ip4.o
    0x2000016c   COMPRESSED   0x00000008   Data   RW         8442    .data               ip4_frag.o
    0x20000174   COMPRESSED   0x00000004   Data   RW         8711    .data               sys_arch.o
    0x20000178   COMPRESSED   0x00000064   Data   RW         9057    .data               segger_rtt.o
    0x200001dc   COMPRESSED   0x00000001   Data   RW         9058    .data               segger_rtt.o
    0x200001dd   COMPRESSED   0x00000003   PAD
    0x200001e0   COMPRESSED   0x00000004   Data   RW         9249    .data               mc_w.l(rand.o)
    0x200001e4   COMPRESSED   0x00000004   Data   RW         9546    .data               mc_w.l(stdout.o)
    0x200001e8        -       0x00000034   Zero   RW          563    .bss                lwip.o
    0x2000021c        -       0x000030e8   Zero   RW          639    .bss                ethernetif.o
    0x20003304        -       0x00000200   Zero   RW          747    .bss                usart.o
    0x20003504        -       0x00000040   Zero   RW          942    .bss                stm32f4xx_hal_timebase_tim.o
    0x20003544        -       0x000000f0   Zero   RW         4113    .bss                tasks.o
    0x20003634        -       0x00003c00   Zero   RW         4726    .bss                heap_4.o
    0x20007234        -       0x00000480   Zero   RW         6443    .bss                dns.o
    0x200076b4        -       0x00000018   Zero   RW         6656    .bss                ip.o
    0x200076cc        -       0x00000653   Zero   RW         6686    .bss                mem.o
    0x20007d1f        -       0x00000083   Zero   RW         6755    .bss                memp.o
    0x20007da2        -       0x000002fb   Zero   RW         6756    .bss                memp.o
    0x2000809d        -       0x000000e3   Zero   RW         6757    .bss                memp.o
    0x20008180        -       0x00000103   Zero   RW         6758    .bss                memp.o
    0x20008283        -       0x000000a3   Zero   RW         6759    .bss                memp.o
    0x20008326        -       0x0000016b   Zero   RW         6760    .bss                memp.o
    0x20008491        -       0x00000023   Zero   RW         6761    .bss                memp.o
    0x200084b4        -       0x000000b3   Zero   RW         6762    .bss                memp.o
    0x20008567        -       0x00000083   Zero   RW         6763    .bss                memp.o
    0x200085ea        -       0x00000083   Zero   RW         6764    .bss                memp.o
    0x2000866d        -       0x00000063   Zero   RW         6765    .bss                memp.o
    0x200086d0        -       0x00000137   Zero   RW         6766    .bss                memp.o
    0x20008807        -       0x00000103   Zero   RW         6767    .bss                memp.o
    0x2000890a        -       0x00002603   Zero   RW         6768    .bss                memp.o
    0x2000af0d   COMPRESSED   0x00000003   PAD
    0x2000af10        -       0x00000010   Zero   RW         7555    .bss                tcp_in.o
    0x2000af20        -       0x00000032   Zero   RW         7982    .bss                dhcp.o
    0x2000af52   COMPRESSED   0x00000002   PAD
    0x2000af54        -       0x000000f0   Zero   RW         8169    .bss                etharp.o
    0x2000b044        -       0x00000400   Zero   RW         9055    .bss                segger_rtt.o
    0x2000b444   COMPRESSED   0x00000004   PAD
    0x2000b448        -       0x00000400   Zero   RW            1    STACK               startup_stm32f407xx.o


==============================================================================

Image component sizes


      Code (inc. data)   RO Data    RW Data    ZI Data      Debug   Object Name

         0          0          0          0          0       4683   api_lib.o
         0          0          0          0          0       3135   api_msg.o
         0          0          0          0          0       1620   auth.o
       770         28          0          0          0      21089   cmsis_os.o
        76         18          0          8          0       1519   crc.o
         8          0          0          0          0       1122   def.o
      6966       2648        140         16         50      29956   dhcp.o
       108          4          0          0          0        830   dma.o
       982        300          0         12       1152      10741   dns.o
         0          0          0          0          0       2332   err.o
      2920       1174         65          1        240      12999   etharp.o
       408        156         12          0          0       2730   ethernet.o
      1064        154         26          4      12520       7156   ethernetif.o
         0          0          0          0          0       9528   event_groups.o
        52         10         32          4          0       5210   freertos.o
       304         20          0          0          0       1059   gpio.o
       460         24          0         24      15360       7467   heap_4.o
       768        350          0          0          0       4434   icmp.o
        38          0          0          0          0        592   init.o
         0          0          0          0         24       3062   ip.o
       934        178          0          2          0       5380   ip4.o
        46          0          8          0          0       7222   ip4_addr.o
      2720       1018          0          8          0      12118   ip4_frag.o
       138          0          0          0          0       3598   list.o
       232         98          0         12         52       5009   lwip.o
       200         14          0          0          0     760483   main.o
      1832        918          0         16       1619       6093   mem.o
       742        498        224         56      12782      11270   memp.o
       470        130          0         12          0      10029   netif.o
      4102       2056          0          1          0      27221   pbuf.o
       786         80          0         12          0      12041   port.o
      2064         18          0          0          0      17831   queue.o
       148          6         13        101       1024       2362   segger_rtt.o
       914         18         16          0          0       6779   segger_rtt_printf.o
         0          0          0          0          0       4279   slipif.o
        36          8        392          0       1024        844   startup_stm32f407xx.o
       116         18          0         12          0       8778   stm32f4xx_hal.o
       158         14          0          0          0      33166   stm32f4xx_hal_cortex.o
        34          0          0          0          0       1067   stm32f4xx_hal_crc.o
       788         16          8          0          0       4807   stm32f4xx_hal_dma.o
      1998         70          0          0          0      13412   stm32f4xx_hal_eth.o
       446         46          0          0          0       2536   stm32f4xx_hal_gpio.o
        56          4          0          0          0        854   stm32f4xx_hal_msp.o
      1392         96          0          0          0       6573   stm32f4xx_hal_rcc.o
       656         44          0          0          0       7516   stm32f4xx_hal_tim.o
         4          0          0          0          0       1673   stm32f4xx_hal_tim_ex.o
       116         16          0          0         64       1419   stm32f4xx_hal_timebase_tim.o
       968         14          0          0          0       7623   stm32f4xx_hal_uart.o
       132         46          0          0          0      12276   stm32f4xx_it.o
       318         26         12          4          0      13164   sys_arch.o
        28          6         24          4          0       1155   system_stm32f4xx.o
      2236        180          0         60        240      24706   tasks.o
      4236       1544        201         32          0      30371   tcp.o
      5948       1224          0         36         16      21135   tcp_in.o
      2918        826         85          0          0      12971   tcp_out.o
       944        538          0         16          0       6927   tcpip.o
       668        222         48         12          0       6932   timeouts.o
      1222        278          0          8          0      11712   udp.o
       552         52          0          0        512       2779   usart.o

    ----------------------------------------------------------------------
     56304      15206       1352        480      46688    1257375   Object Totals
         0          0         32          0          0          0   (incl. Generated)
        82          0         14          7          9          0   (incl. Padding)

    ----------------------------------------------------------------------

      Code (inc. data)   RO Data    RW Data    ZI Data      Debug   Library Member Name

        86          0          0          0          0          0   __dczerorl2.o
         0          0          0          0          0          0   entry.o
         0          0          0          0          0          0   entry10a.o
         0          0          0          0          0          0   entry11a.o
         8          4          0          0          0          0   entry2.o
         4          0          0          0          0          0   entry5.o
         0          0          0          0          0          0   entry7b.o
         0          0          0          0          0          0   entry8b.o
         8          4          0          0          0          0   entry9a.o
        18          0          0          0          0         80   fputc.o
        30          0          0          0          0          0   handlers.o
        36          8          0          0          0         68   init.o
         0          0          0          0          0          0   iusesemip.o
        30          0          0          0          0         68   llshl.o
        32          0          0          0          0         68   llushr.o
        26          0          0          0          0         80   memcmp.o
        36          0          0          0          0         68   memcpya.o
        36          0          0          0          0        108   memseta.o
       472         14          0          0          0        184   printf3.o
        36         10          0          4          0        136   rand.o
         0          0          0          0          0          0   semi.o
         0          0          0          4          0          0   stdout.o
        14          0          0          0          0         68   strlen.o
        44          0          0          0          0         80   uidiv.o
        98          0          0          0          0         92   uldiv.o

    ----------------------------------------------------------------------
      1020         40          0          8          0       1100   Library Totals
         6          0          0          0          0          0   (incl. Padding)

    ----------------------------------------------------------------------

      Code (inc. data)   RO Data    RW Data    ZI Data      Debug   Library Name

      1014         40          0          8          0       1100   mc_w.l

    ----------------------------------------------------------------------
      1020         40          0          8          0       1100   Library Totals

    ----------------------------------------------------------------------

==============================================================================


      Code (inc. data)   RO Data    RW Data    ZI Data      Debug   

     57324      15246       1352        488      46688    1222191   Grand Totals
     57324      15246       1352         72      46688    1222191   ELF Image Totals (compressed)
     57324      15246       1352         72          0          0   ROM Totals

==============================================================================

    Total RO  Size (Code + RO Data)                58676 (  57.30kB)
    Total RW  Size (RW Data + ZI Data)             47176 (  46.07kB)
    Total ROM Size (Code + RO Data + RW Data)      58748 (  57.37kB)

==============================================================================

